Component: ARM Compiler 5.05 update 2 (build 169) Tool: armlink [4d0f33]

==============================================================================

Section Cross References

    main.o(i.main) refers to misc.o(i.NVIC_PriorityGroupConfig) for NVIC_PriorityGroupConfig
    main.o(i.main) refers to delay.o(i.delay_init) for delay_init
    main.o(i.main) refers to usart.o(i.uart_init) for uart_init
    main.o(i.main) refers to bcomponent.o(i.BCOMPONENT_Init) for BCOMPONENT_Init
    main.o(i.main) refers to delay.o(i.delay_ms) for delay_ms
    main.o(i.main) refers to __2printf.o(.text) for __2printf
    main.o(i.main) refers to hc05.o(i.HC05_Init) for HC05_Init
    main.o(i.main) refers to stm32f4xx_gpio.o(i.GPIO_SetBits) for GPIO_SetBits
    main.o(i.main) refers to stm32f4xx_gpio.o(i.GPIO_ResetBits) for GPIO_ResetBits
    main.o(i.main) refers to usart3.o(i.u3_printf) for u3_printf
    main.o(i.main) refers to usart3.o(.data) for USART3_RX_STA
    main.o(i.main) refers to usart3.o(.bss) for USART3_RX_BUF
    main.o(i.main) refers to usart.o(.data) for USART_RX_STA
    main.o(i.main) refers to usart.o(.bss) for USART_RX_BUF
    system_stm32f4xx.o(i.SystemCoreClockUpdate) refers to system_stm32f4xx.o(.data) for SystemCoreClock
    system_stm32f4xx.o(i.SystemInit) refers to system_stm32f4xx.o(i.SetSysClock) for SetSysClock
    hc05.o(i.HC05_Init) refers to stm32f4xx_rcc.o(i.RCC_AHB1PeriphClockCmd) for RCC_AHB1PeriphClockCmd
    hc05.o(i.HC05_Init) refers to stm32f4xx_gpio.o(i.GPIO_Init) for GPIO_Init
    hc05.o(i.HC05_Init) refers to stm32f4xx_gpio.o(i.GPIO_SetBits) for GPIO_SetBits
    hc05.o(i.HC05_Init) refers to usart3.o(i.usart3_init) for usart3_init
    usart3.o(i.USART3_IRQHandler) refers to stm32f4xx_usart.o(i.USART_GetITStatus) for USART_GetITStatus
    usart3.o(i.USART3_IRQHandler) refers to stm32f4xx_usart.o(i.USART_ReceiveData) for USART_ReceiveData
    usart3.o(i.USART3_IRQHandler) refers to stm32f4xx_tim.o(i.TIM_SetCounter) for TIM_SetCounter
    usart3.o(i.USART3_IRQHandler) refers to stm32f4xx_tim.o(i.TIM_Cmd) for TIM_Cmd
    usart3.o(i.USART3_IRQHandler) refers to usart3.o(.data) for USART3_RX_STA
    usart3.o(i.USART3_IRQHandler) refers to usart3.o(.bss) for USART3_RX_BUF
    usart3.o(i.u3_printf) refers to vsprintf.o(.text) for vsprintf
    usart3.o(i.u3_printf) refers to strlen.o(.text) for strlen
    usart3.o(i.u3_printf) refers to stm32f4xx_usart.o(i.USART_GetFlagStatus) for USART_GetFlagStatus
    usart3.o(i.u3_printf) refers to stm32f4xx_usart.o(i.USART_SendData) for USART_SendData
    usart3.o(i.u3_printf) refers to usart3.o(.bss) for USART3_TX_BUF
    usart3.o(i.usart3_init) refers to stm32f4xx_usart.o(i.USART_DeInit) for USART_DeInit
    usart3.o(i.usart3_init) refers to stm32f4xx_rcc.o(i.RCC_AHB1PeriphClockCmd) for RCC_AHB1PeriphClockCmd
    usart3.o(i.usart3_init) refers to stm32f4xx_rcc.o(i.RCC_APB1PeriphClockCmd) for RCC_APB1PeriphClockCmd
    usart3.o(i.usart3_init) refers to stm32f4xx_gpio.o(i.GPIO_PinAFConfig) for GPIO_PinAFConfig
    usart3.o(i.usart3_init) refers to stm32f4xx_gpio.o(i.GPIO_Init) for GPIO_Init
    usart3.o(i.usart3_init) refers to stm32f4xx_gpio.o(i.GPIO_SetBits) for GPIO_SetBits
    usart3.o(i.usart3_init) refers to stm32f4xx_usart.o(i.USART_Init) for USART_Init
    usart3.o(i.usart3_init) refers to stm32f4xx_usart.o(i.USART_ITConfig) for USART_ITConfig
    usart3.o(i.usart3_init) refers to stm32f4xx_usart.o(i.USART_Cmd) for USART_Cmd
    usart3.o(i.usart3_init) refers to misc.o(i.NVIC_Init) for NVIC_Init
    usart3.o(i.usart3_init) refers to timer.o(i.TIM7_Int_Init) for TIM7_Int_Init
    usart3.o(i.usart3_init) refers to stm32f4xx_tim.o(i.TIM_Cmd) for TIM_Cmd
    usart3.o(i.usart3_init) refers to usart3.o(.data) for USART3_RX_STA
    timer.o(i.TIM14_PWM_Init) refers to stm32f4xx_rcc.o(i.RCC_APB1PeriphClockCmd) for RCC_APB1PeriphClockCmd
    timer.o(i.TIM14_PWM_Init) refers to stm32f4xx_rcc.o(i.RCC_AHB1PeriphClockCmd) for RCC_AHB1PeriphClockCmd
    timer.o(i.TIM14_PWM_Init) refers to stm32f4xx_gpio.o(i.GPIO_PinAFConfig) for GPIO_PinAFConfig
    timer.o(i.TIM14_PWM_Init) refers to stm32f4xx_gpio.o(i.GPIO_Init) for GPIO_Init
    timer.o(i.TIM14_PWM_Init) refers to stm32f4xx_tim.o(i.TIM_TimeBaseInit) for TIM_TimeBaseInit
    timer.o(i.TIM14_PWM_Init) refers to stm32f4xx_tim.o(i.TIM_OC1Init) for TIM_OC1Init
    timer.o(i.TIM14_PWM_Init) refers to stm32f4xx_tim.o(i.TIM_OC2PreloadConfig) for TIM_OC2PreloadConfig
    timer.o(i.TIM14_PWM_Init) refers to stm32f4xx_tim.o(i.TIM_ARRPreloadConfig) for TIM_ARRPreloadConfig
    timer.o(i.TIM14_PWM_Init) refers to stm32f4xx_tim.o(i.TIM_Cmd) for TIM_Cmd
    timer.o(i.TIM5_CH1_Cap_Init) refers to stm32f4xx_rcc.o(i.RCC_APB1PeriphClockCmd) for RCC_APB1PeriphClockCmd
    timer.o(i.TIM5_CH1_Cap_Init) refers to stm32f4xx_rcc.o(i.RCC_AHB1PeriphClockCmd) for RCC_AHB1PeriphClockCmd
    timer.o(i.TIM5_CH1_Cap_Init) refers to stm32f4xx_gpio.o(i.GPIO_Init) for GPIO_Init
[...]
    ../fplib/printf2b.s                      0x00000000   Number         0  printf2b.o ABSOLUTE
    ../fplib/usenofp.s                       0x00000000   Number         0  usenofp.o ABSOLUTE
    ../mathlib/fpclassify.c                  0x00000000   Number         0  fpclassify.o ABSOLUTE
    ..\CORE\startup_stm32f40_41xxx.s         0x00000000   Number         0  startup_stm32f40_41xxx.o ABSOLUTE
    ..\FWLIB\src\misc.c                      0x00000000   Number         0  misc.o ABSOLUTE
    ..\FWLIB\src\stm32f4xx_gpio.c            0x00000000   Number         0  stm32f4xx_gpio.o ABSOLUTE
    ..\FWLIB\src\stm32f4xx_rcc.c             0x00000000   Number         0  stm32f4xx_rcc.o ABSOLUTE
    ..\FWLIB\src\stm32f4xx_syscfg.c          0x00000000   Number         0  stm32f4xx_syscfg.o ABSOLUTE
    ..\FWLIB\src\stm32f4xx_tim.c             0x00000000   Number         0  stm32f4xx_tim.o ABSOLUTE
    ..\FWLIB\src\stm32f4xx_usart.c           0x00000000   Number         0  stm32f4xx_usart.o ABSOLUTE
    ..\HARDWARE\BCOMPONENT\bcomponent.c      0x00000000   Number         0  bcomponent.o ABSOLUTE
    ..\HARDWARE\HC05\hc05.c                  0x00000000   Number         0  hc05.o ABSOLUTE
    ..\HARDWARE\TIMER\timer.c                0x00000000   Number         0  timer.o ABSOLUTE
    ..\HARDWARE\USART3\usart3.c              0x00000000   Number         0  usart3.o ABSOLUTE
    ..\SYSTEM\delay\delay.c                  0x00000000   Number         0  delay.o ABSOLUTE
    ..\SYSTEM\sys\sys.c                      0x00000000   Number         0  sys.o ABSOLUTE
    ..\SYSTEM\usart\usart.c                  0x00000000   Number         0  usart.o ABSOLUTE
    ..\\FWLIB\\src\\misc.c                   0x00000000   Number         0  misc.o ABSOLUTE
    ..\\FWLIB\\src\\stm32f4xx_gpio.c         0x00000000   Number         0  stm32f4xx_gpio.o ABSOLUTE
    ..\\FWLIB\\src\\stm32f4xx_rcc.c          0x00000000   Number         0  stm32f4xx_rcc.o ABSOLUTE
    ..\\FWLIB\\src\\stm32f4xx_syscfg.c       0x00000000   Number         0  stm32f4xx_syscfg.o ABSOLUTE
    ..\\FWLIB\\src\\stm32f4xx_tim.c          0x00000000   Number         0  stm32f4xx_tim.o ABSOLUTE
    ..\\FWLIB\\src\\stm32f4xx_usart.c        0x00000000   Number         0  stm32f4xx_usart.o ABSOLUTE
    ..\\HARDWARE\\BCOMPONENT\\bcomponent.c   0x00000000   Number         0  bcomponent.o ABSOLUTE
    ..\\HARDWARE\\HC05\\hc05.c               0x00000000   Number         0  hc05.o ABSOLUTE
    ..\\HARDWARE\\TIMER\\timer.c             0x00000000   Number         0  timer.o ABSOLUTE
    ..\\HARDWARE\\USART3\\usart3.c           0x00000000   Number         0  usart3.o ABSOLUTE
    ..\\SYSTEM\\delay\\delay.c               0x00000000   Number         0  delay.o ABSOLUTE
    ..\\SYSTEM\\sys\\sys.c                   0x00000000   Number         0  sys.o ABSOLUTE
    ..\\SYSTEM\\usart\\usart.c               0x00000000   Number         0  usart.o ABSOLUTE
    dc.s                                     0x00000000   Number         0  dc.o ABSOLUTE
    main.c                                   0x00000000   Number         0  main.o ABSOLUTE
    main.c                                   0x00000000   Number         0  main.o ABSOLUTE
    stm32f4xx_it.c                           0x00000000   Number         0  stm32f4xx_it.o ABSOLUTE
    stm32f4xx_it.c                           0x00000000   Number         0  stm32f4xx_it.o ABSOLUTE
    system_stm32f4xx.c                       0x00000000   Number         0  system_stm32f4xx.o ABSOLUTE
    system_stm32f4xx.c                       0x00000000   Number         0  system_stm32f4xx.o ABSOLUTE
    RESET                                    0x08000000   Section      392  startup_stm32f40_41xxx.o(RESET)
    !!!main                                  0x08000188   Section        8  __main.o(!!!main)
    !!!scatter                               0x08000190   Section       52  __scatter.o(!!!scatter)
    !!handler_copy                           0x080001c4   Section       26  __scatter_copy.o(!!handler_copy)
    !!handler_zi                             0x080001e0   Section       28  __scatter_zi.o(!!handler_zi)
    .ARM.Collect$$_printf_percent$$00000000  0x080001fc   Section        0  _printf_percent.o(.ARM.Collect$$_printf_percent$$00000000)
    .ARM.Collect$$_printf_percent$$00000001  0x080001fc   Section        6  _printf_n.o(.ARM.Collect$$_printf_percent$$00000001)
    .ARM.Collect$$_printf_percent$$00000002  0x08000202   Section        6  _printf_p.o(.ARM.Collect$$_printf_percent$$00000002)
    .ARM.Collect$$_printf_percent$$00000003  0x08000208   Section        6  _printf_f.o(.ARM.Collect$$_printf_percent$$00000003)
    .ARM.Collect$$_printf_percent$$00000004  0x0800020e   Section        6  _printf_e.o(.ARM.Collect$$_printf_percent$$00000004)
    .ARM.Collect$$_printf_percent$$00000005  0x08000214   Section        6  _printf_g.o(.ARM.Collect$$_printf_percent$$00000005)
    .ARM.Collect$$_printf_percent$$00000006  0x0800021a   Section        6  _printf_a.o(.ARM.Collect$$_printf_percent$$00000006)
    .ARM.Collect$$_printf_percent$$00000007  0x08000220   Section       10  _printf_ll.o(.ARM.Collect$$_printf_percent$$00000007)
    .ARM.Collect$$_printf_percent$$00000008  0x0800022a   Section        6  _printf_i.o(.ARM.Collect$$_printf_percent$$00000008)
    .ARM.Collect$$_printf_percent$$00000009  0x08000230   Section        6  _printf_d.o(.ARM.Collect$$_printf_percent$$00000009)
    .ARM.Collect$$_printf_percent$$0000000A  0x08000236   Section        6  _printf_u.o(.ARM.Collect$$_printf_percent$$0000000A)
    .ARM.Collect$$_printf_percent$$0000000B  0x0800023c   Section        6  _printf_o.o(.ARM.Collect$$_printf_percent$$0000000B)
    .ARM.Collect$$_printf_percent$$0000000C  0x08000242   Section        6  _printf_x.o(.ARM.Collect$$_printf_percent$$0000000C)
    .ARM.Collect$$_printf_percent$$0000000D  0x08000248   Section        6  _printf_lli.o(.ARM.Collect$$_printf_percent$$0000000D)
    .ARM.Collect$$_printf_percent$$0000000E  0x0800024e   Section        6  _printf_lld.o(.ARM.Collect$$_printf_percent$$0000000E)
    .ARM.Collect$$_printf_percent$$0000000F  0x08000254   Section        6  _printf_llu.o(.ARM.Collect$$_printf_percent$$0000000F)
    .ARM.Collect$$_printf_percent$$00000010  0x0800025a   Section        6  _printf_llo.o(.ARM.Collect$$_printf_percent$$00000010)
    .ARM.Collect$$_printf_percent$$00000011  0x08000260   Section        6  _printf_llx.o(.ARM.Collect$$_printf_percent$$00000011)
    .ARM.Collect$$_printf_percent$$00000012  0x08000266   Section       10  _printf_l.o(.ARM.Collect$$_printf_percent$$00000012)
    .ARM.Collect$$_printf_percent$$00000013  0x08000270   Section        6  _printf_c.o(.ARM.Collect$$_printf_percent$$00000013)
    .ARM.Collect$$_printf_percent$$00000014  0x08000276   Section        6  _printf_s.o(.ARM.Collect$$_printf_percent$$00000014)
    .ARM.Collect$$_printf_percent$$00000015  0x0800027c   Section        6  _printf_lc.o(.ARM.Collect$$_printf_percent$$00000015)
    .ARM.Collect$$_printf_percent$$00000016  0x08000282   Section        6  _printf_ls.o(.ARM.Collect$$_printf_percent$$00000016)
    .ARM.Collect$$_printf_percent$$00000017  0x08000288   Section        4  _printf_percent_end.o(.ARM.Collect$$_printf_percent$$00000017)
    .ARM.Collect$$libinit$$00000000          0x0800028c   Section        2  libinit.o(.ARM.Collect$$libinit$$00000000)
    .ARM.Collect$$libinit$$00000001          0x0800028e   Section        4  libinit2.o(.ARM.Collect$$libinit$$00000001)
    .ARM.Collect$$libinit$$00000004          0x08000292   Section        0  libinit2.o(.ARM.Collect$$libinit$$00000004)
    .ARM.Collect$$libinit$$0000000A          0x08000292   Section        0  libinit2.o(.ARM.Collect$$libinit$$0000000A)
    .ARM.Collect$$libinit$$0000000C          0x08000292   Section        0  libinit2.o(.ARM.Collect$$libinit$$0000000C)
    .ARM.Collect$$libinit$$0000000E          0x08000292   Section        0  libinit2.o(.ARM.Collect$$libinit$$0000000E)
    .ARM.Collect$$libinit$$0000000F          0x08000292   Section        6  libinit2.o(.ARM.Collect$$libinit$$0000000F)
    .ARM.Collect$$libinit$$00000011          0x08000298   Section        0  libinit2.o(.ARM.Collect$$libinit$$00000011)
    .ARM.Collect$$libinit$$00000012          0x08000298   Section       12  libinit2.o(.ARM.Collect$$libinit$$00000012)
    .ARM.Collect$$libinit$$00000013          0x080002a4   Section        0  libinit2.o(.ARM.Collect$$libinit$$00000013)
    .ARM.Collect$$libinit$$00000015          0x080002a4   Section        0  libinit2.o(.ARM.Collect$$libinit$$00000015)
    .ARM.Collect$$libinit$$00000016          0x080002a4   Section       10  libinit2.o(.ARM.Collect$$libinit$$00000016)
    .ARM.Collect$$libinit$$00000017          0x080002ae   Section        0  libinit2.o(.ARM.Collect$$libinit$$00000017)
    .ARM.Collect$$libinit$$00000019          0x080002ae   Section        0  libinit2.o(.ARM.Collect$$libinit$$00000019)
    .ARM.Collect$$libinit$$0000001B          0x080002ae   Section        0  libinit2.o(.ARM.Collect$$libinit$$0000001B)
    .ARM.Collect$$libinit$$0000001D          0x080002ae   Section        0  libinit2.o(.ARM.Collect$$libinit$$0000001D)
    .ARM.Collect$$libinit$$0000001F          0x080002ae   Section        0  libinit2.o(.ARM.Collect$$libinit$$0000001F)
    .ARM.Collect$$libinit$$00000021          0x080002ae   Section        0  libinit2.o(.ARM.Collect$$libinit$$00000021)
    .ARM.Collect$$libinit$$00000023          0x080002ae   Section        0  libinit2.o(.ARM.Collect$$libinit$$00000023)
    .ARM.Collect$$libinit$$00000025          0x080002ae   Section        0  libinit2.o(.ARM.Collect$$libinit$$00000025)
    .ARM.Collect$$libinit$$0000002C          0x080002ae   Section        0  libinit2.o(.ARM.Collect$$libinit$$0000002C)
    .ARM.Collect$$libinit$$0000002E          0x080002ae   Section        0  libinit2.o(.ARM.Collect$$libinit$$0000002E)
    .ARM.Collect$$libinit$$00000030          0x080002ae   Section        0  libinit2.o(.ARM.Collect$$libinit$$00000030)
    .ARM.Collect$$libinit$$00000032          0x080002ae   Section        0  libinit2.o(.ARM.Collect$$libinit$$00000032)
    .ARM.Collect$$libinit$$00000033          0x080002ae   Section        2  libinit2.o(.ARM.Collect$$libinit$$00000033)
    .ARM.Collect$$libshutdown$$00000000      0x080002b0   Section        2  libshutdown.o(.ARM.Collect$$libshutdown$$00000000)
    .ARM.Collect$$libshutdown$$00000003      0x080002b2   Section        0  libshutdown2.o(.ARM.Collect$$libshutdown$$00000003)
    .ARM.Collect$$libshutdown$$00000006      0x080002b2   Section        0  libshutdown2.o(.ARM.Collect$$libshutdown$$00000006)
    .ARM.Collect$$libshutdown$$00000009      0x080002b2   Section        0  libshutdown2.o(.ARM.Collect$$libshutdown$$00000009)
    .ARM.Collect$$libshutdown$$0000000B      0x080002b2   Section        0  libshutdown2.o(.ARM.Collect$$libshutdown$$0000000B)
    .ARM.Collect$$libshutdown$$0000000E      0x080002b2   Section        0  libshutdown2.o(.ARM.Collect$$libshutdown$$0000000E)
    .ARM.Collect$$libshutdown$$0000000F      0x080002b2   Section        2  libshutdown2.o(.ARM.Collect$$libshutdown$$0000000F)
    .ARM.Collect$$rtentry$$00000000          0x080002b4   Section        0  __rtentry.o(.ARM.Collect$$rtentry$$00000000)
    .ARM.Collect$$rtentry$$00000002          0x080002b4   Section        0  __rtentry2.o(.ARM.Collect$$rtentry$$00000002)
    .ARM.Collect$$rtentry$$00000004          0x080002b4   Section        6  __rtentry4.o(.ARM.Collect$$rtentry$$00000004)
    .ARM.Collect$$rtentry$$00000009          0x080002ba   Section        0  __rtentry2.o(.ARM.Collect$$rtentry$$00000009)
    .ARM.Collect$$rtentry$$0000000A          0x080002ba   Section        4  __rtentry2.o(.ARM.Collect$$rtentry$$0000000A)
    .ARM.Collect$$rtentry$$0000000C          0x080002be   Section        0  __rtentry2.o(.ARM.Collect$$rtentry$$0000000C)
    .ARM.Collect$$rtentry$$0000000D          0x080002be   Section        8  __rtentry2.o(.ARM.Collect$$rtentry$$0000000D)
    .ARM.Collect$$rtexit$$00000000           0x080002c6   Section        2  rtexit.o(.ARM.Collect$$rtexit$$00000000)
    .ARM.Collect$$rtexit$$00000002           0x080002c8   Section        0  rtexit2.o(.ARM.Collect$$rtexit$$00000002)
    .ARM.Collect$$rtexit$$00000003           0x080002c8   Section        4  rtexit2.o(.ARM.Collect$$rtexit$$00000003)
    .ARM.Collect$$rtexit$$00000004           0x080002cc   Section        6  rtexit2.o(.ARM.Collect$$rtexit$$00000004)
    .text                                    0x080002d4   Section       64  startup_stm32f40_41xxx.o(.text)
    $v0                                      0x080002d4   Number         0  startup_stm32f40_41xxx.o(.text)
    .text                                    0x08000314   Section        2  use_no_semi_2.o(.text)
    .text                                    0x08000318   Section        0  vsprintf.o(.text)
    .text                                    0x0800033c   Section        0  __2printf.o(.text)
    .text                                    0x08000354   Section        0  strlen.o(.text)
    .text                                    0x08000392   Section        0  heapauxi.o(.text)
    .text                                    0x08000398   Section        2  use_no_semi.o(.text)
    .text                                    0x0800039a   Section        0  _printf_pad.o(.text)
    .text                                    0x080003e8   Section        0  _printf_truncate.o(.text)
    .text                                    0x0800040c   Section        0  _printf_str.o(.text)
    .text                                    0x08000460   Section        0  _printf_dec.o(.text)
    .text                                    0x080004d8   Section        0  _printf_charcount.o(.text)
    .text                                    0x08000500   Section        0  _printf_char_common.o(.text)
    _printf_input_char                       0x08000501   Thumb Code    10  _printf_char_common.o(.text)
    .text                                    0x08000530   Section        0  _sputc.o(.text)
    .text                                    0x0800053c   Section        0  _printf_char_file.o(.text)
    .text                                    0x08000560   Section        0  _printf_wctomb.o(.text)
    .text                                    0x0800061c   Section        0  _printf_longlong_dec.o(.text)
    .text                                    0x08000698   Section        0  _printf_oct_int_ll.o(.text)
    _printf_longlong_oct_internal            0x08000699   Thumb Code     0  _printf_oct_int_ll.o(.text)
    .text                                    0x08000708   Section        0  _printf_hex_int_ll_ptr.o(.text)
    _printf_hex_common                       0x08000709   Thumb Code     0  _printf_hex_int_ll_ptr.o(.text)
    .text                                    0x0800079c   Section        0  __printf_flags_ss_wp.o(.text)
    .text                                    0x08000924   Section      138  lludiv10.o(.text)
    .text                                    0x080009ae   Section        0  _printf_intcommon.o(.text)
    .text                                    0x08000a60   Section        0  _printf_fp_dec.o(.text)
    _fp_digits                               0x08000a63   Thumb Code   428  _printf_fp_dec.o(.text)
    .text                                    0x08000e7c   Section        0  _printf_fp_hex.o(.text)
    .text                                    0x08001178   Section        0  _printf_char.o(.text)
    .text                                    0x080011a4   Section        0  _printf_wchar.o(.text)
    .text                                    0x080011d0   Section        0  ferror.o(.text)
    .text                                    0x080011d8   Section        0  _wcrtomb.o(.text)
    .text                                    0x08001218   Section       74  sys_stackheap_outer.o(.text)
    .text                                    0x08001264   Section       16  rt_ctype_table.o(.text)
    .text                                    0x08001274   Section        8  rt_locale_intlibspace.o(.text)
    .text                                    0x0800127c   Section        0  _printf_fp_infnan.o(.text)
    .text                                    0x080012fc   Section        0  bigflt0.o(.text)
    .text                                    0x080013d8   Section        0  exit.o(.text)
    .text                                    0x080013e4   Section        8  libspace.o(.text)
    .text                                    0x080013ec   Section      128  strcmpv7m.o(.text)
    CL$$btod_d2e                             0x0800146c   Section       62  btod.o(CL$$btod_d2e)
    CL$$btod_d2e_denorm_low                  0x080014aa   Section       70  btod.o(CL$$btod_d2e_denorm_low)
    CL$$btod_d2e_norm_op1                    0x080014f0   Section       96  btod.o(CL$$btod_d2e_norm_op1)
    CL$$btod_div_common                      0x08001550   Section      824  btod.o(CL$$btod_div_common)
    CL$$btod_e2e                             0x08001888   Section      198  btod.o(CL$$btod_e2e)
    CL$$btod_ediv                            0x0800194e   Section       40  btod.o(CL$$btod_ediv)
    CL$$btod_emul                            0x08001976   Section       40  btod.o(CL$$btod_emul)
    CL$$btod_mult_common                     0x0800199e   Section      580  btod.o(CL$$btod_mult_common)
    i.BCOMPONENT_Init                        0x08001be4   Section        0  bcomponent.o(i.BCOMPONENT_Init)
    i.BusFault_Handler                       0x08002034   Section        0  stm32f4xx_it.o(i.BusFault_Handler)
    i.DebugMon_Handler                       0x08002038   Section        0  stm32f4xx_it.o(i.DebugMon_Handler)
    i.GPIO_Init                              0x0800203a   Section        0  stm32f4xx_gpio.o(i.GPIO_Init)
    i.GPIO_PinAFConfig                       0x080020ca   Section        0  stm32f4xx_gpio.o(i.GPIO_PinAFConfig)
    i.GPIO_ResetBits                         0x08002110   Section        0  stm32f4xx_gpio.o(i.GPIO_ResetBits)
    i.GPIO_SetBits                           0x08002114   Section        0  stm32f4xx_gpio.o(i.GPIO_SetBits)
    i.HC05_Init                              0x08002118   Section        0  hc05.o(i.HC05_Init)
    i.HardFault_Handler                      0x0800218c   Section        0  stm32f4xx_it.o(i.HardFault_Handler)
    i.MemManage_Handler                      0x08002190   Section        0  stm32f4xx_it.o(i.MemManage_Handler)
    i.NMI_Handler                            0x08002194   Section        0  stm32f4xx_it.o(i.NMI_Handler)
    i.NVIC_Init                              0x08002198   Section        0  misc.o(i.NVIC_Init)
    i.NVIC_PriorityGroupConfig               0x08002210   Section        0  misc.o(i.NVIC_PriorityGroupConfig)
    i.PendSV_Handler                         0x08002224   Section        0  stm32f4xx_it.o(i.PendSV_Handler)
    i.RCC_AHB1PeriphClockCmd                 0x08002228   Section        0  stm32f4xx_rcc.o(i.RCC_AHB1PeriphClockCmd)
    i.RCC_APB1PeriphClockCmd                 0x08002248   Section        0  stm32f4xx_rcc.o(i.RCC_APB1PeriphClockCmd)
    i.RCC_APB1PeriphResetCmd                 0x08002268   Section        0  stm32f4xx_rcc.o(i.RCC_APB1PeriphResetCmd)
    i.RCC_APB2PeriphClockCmd                 0x08002288   Section        0  stm32f4xx_rcc.o(i.RCC_APB2PeriphClockCmd)
    i.RCC_APB2PeriphResetCmd                 0x080022a8   Section        0  stm32f4xx_rcc.o(i.RCC_APB2PeriphResetCmd)
    i.RCC_GetClocksFreq                      0x080022c8   Section        0  stm32f4xx_rcc.o(i.RCC_GetClocksFreq)
    i.SVC_Handler                            0x080023b0   Section        0  stm32f4xx_it.o(i.SVC_Handler)
    i.SetSysClock                            0x080023b4   Section        0  system_stm32f4xx.o(i.SetSysClock)
    SetSysClock                              0x080023b5   Thumb Code   220  system_stm32f4xx.o(i.SetSysClock)
    i.SysTick_CLKSourceConfig                0x080024a0   Section        0  misc.o(i.SysTick_CLKSourceConfig)
    i.SysTick_Handler                        0x080024c8   Section        0  stm32f4xx_it.o(i.SysTick_Handler)
    i.SystemInit                             0x080024cc   Section        0  system_stm32f4xx.o(i.SystemInit)
    i.TIM5_IRQHandler                        0x08002534   Section        0  timer.o(i.TIM5_IRQHandler)
    i.TIM7_IRQHandler                        0x08002604   Section        0  timer.o(i.TIM7_IRQHandler)
    i.TIM7_Int_Init                          0x08002638   Section        0  timer.o(i.TIM7_Int_Init)
    i.TIM_ClearITPendingBit                  0x08002694   Section        0  stm32f4xx_tim.o(i.TIM_ClearITPendingBit)
    i.TIM_Cmd                                0x0800269a   Section        0  stm32f4xx_tim.o(i.TIM_Cmd)
    i.TIM_GetCapture1                        0x080026b2   Section        0  stm32f4xx_tim.o(i.TIM_GetCapture1)
    i.TIM_GetITStatus                        0x080026b8   Section        0  stm32f4xx_tim.o(i.TIM_GetITStatus)
    i.TIM_ITConfig                           0x080026da   Section        0  stm32f4xx_tim.o(i.TIM_ITConfig)
    i.TIM_OC1PolarityConfig                  0x080026ec   Section        0  stm32f4xx_tim.o(i.TIM_OC1PolarityConfig)
    i.TIM_SetCounter                         0x080026fe   Section        0  stm32f4xx_tim.o(i.TIM_SetCounter)
    i.TIM_TimeBaseInit                       0x08002704   Section        0  stm32f4xx_tim.o(i.TIM_TimeBaseInit)
    i.USART1_IRQHandler                      0x08002788   Section        0  usart.o(i.USART1_IRQHandler)
    i.USART3_IRQHandler                      0x08002810   Section        0  usart3.o(i.USART3_IRQHandler)
    i.USART_Cmd                              0x08002880   Section        0  stm32f4xx_usart.o(i.USART_Cmd)
    i.USART_DeInit                           0x08002898   Section        0  stm32f4xx_usart.o(i.USART_DeInit)
    i.USART_GetFlagStatus                    0x08002988   Section        0  stm32f4xx_usart.o(i.USART_GetFlagStatus)
    i.USART_GetITStatus                      0x080029a2   Section        0  stm32f4xx_usart.o(i.USART_GetITStatus)
    i.USART_ITConfig                         0x080029f6   Section        0  stm32f4xx_usart.o(i.USART_ITConfig)
    i.USART_Init                             0x08002a40   Section        0  stm32f4xx_usart.o(i.USART_Init)
    i.USART_ReceiveData                      0x08002b14   Section        0  stm32f4xx_usart.o(i.USART_ReceiveData)
    i.USART_SendData                         0x08002b1e   Section        0  stm32f4xx_usart.o(i.USART_SendData)
    i.UsageFault_Handler                     0x08002b26   Section        0  stm32f4xx_it.o(i.UsageFault_Handler)
    i.__ARM_fpclassify                       0x08002b2a   Section        0  fpclassify.o(i.__ARM_fpclassify)
    i._is_digit                              0x08002b5a   Section        0  __printf_wp.o(i._is_digit)
    i._sys_exit                              0x08002b68   Section        0  usart.o(i._sys_exit)
    i.delay_init                             0x08002b6c   Section        0  delay.o(i.delay_init)
    i.delay_ms                               0x08002ba8   Section        0  delay.o(i.delay_ms)
    i.delay_xms                              0x08002be0   Section        0  delay.o(i.delay_xms)
    i.fputc                                  0x08002c2c   Section        0  usart.o(i.fputc)
    i.main                                   0x08002c48   Section        0  main.o(i.main)
    i.u3_printf                              0x080035d8   Section        0  usart3.o(i.u3_printf)
    i.uart_init                              0x08003628   Section        0  usart.o(i.uart_init)
    i.usart3_init                            0x080036d4   Section        0  usart3.o(i.usart3_init)
    locale$$code                             0x080037b4   Section       44  lc_numeric_c.o(locale$$code)
    locale$$code                             0x080037e0   Section       44  lc_ctype_c.o(locale$$code)
    x$fpl$fpinit                             0x0800380c   Section       10  fpinit.o(x$fpl$fpinit)
    $v0                                      0x0800380c   Number         0  fpinit.o(x$fpl$fpinit)
    x$fpl$printf1                            0x08003816   Section        4  printf1.o(x$fpl$printf1)
    $v0                                      0x08003816   Number         0  printf1.o(x$fpl$printf1)
    x$fpl$printf2                            0x0800381a   Section        4  printf2.o(x$fpl$printf2)
    $v0                                      0x0800381a   Number         0  printf2.o(x$fpl$printf2)
    x$fpl$usenofp                            0x0800381e   Section        0  usenofp.o(x$fpl$usenofp)
    .constdata                               0x08003820   Section        8  _printf_wctomb.o(.constdata)
    initial_mbstate                          0x08003820   Data           8  _printf_wctomb.o(.constdata)
    .constdata                               0x08003828   Section       40  _printf_hex_int_ll_ptr.o(.constdata)
    uc_hextab                                0x08003828   Data          20  _printf_hex_int_ll_ptr.o(.constdata)
    lc_hextab                                0x0800383c   Data          20  _printf_hex_int_ll_ptr.o(.constdata)
    .constdata                               0x08003850   Section       17  __printf_flags_ss_wp.o(.constdata)
    maptable                                 0x08003850   Data          17  __printf_flags_ss_wp.o(.constdata)
    .constdata                               0x08003861   Section       38  _printf_fp_hex.o(.constdata)
    lc_hextab                                0x08003861   Data          19  _printf_fp_hex.o(.constdata)
    uc_hextab                                0x08003874   Data          19  _printf_fp_hex.o(.constdata)
    .constdata                               0x08003888   Section      148  bigflt0.o(.constdata)
    tenpwrs_x                                0x08003888   Data          60  bigflt0.o(.constdata)
    tenpwrs_i                                0x080038c4   Data          64  bigflt0.o(.constdata)
    locale$$data                             0x0800393c   Section       28  lc_numeric_c.o(locale$$data)
    __lcnum_c_name                           0x08003940   Data           2  lc_numeric_c.o(locale$$data)
    __lcnum_c_start                          0x08003948   Data           0  lc_numeric_c.o(locale$$data)
    __lcnum_c_point                          0x08003954   Data           0  lc_numeric_c.o(locale$$data)
    __lcnum_c_thousands                      0x08003956   Data           0  lc_numeric_c.o(locale$$data)
    __lcnum_c_grouping                       0x08003957   Data           0  lc_numeric_c.o(locale$$data)
    locale$$data                             0x08003958   Section      272  lc_ctype_c.o(locale$$data)
    __lcnum_c_end                            0x08003958   Data           0  lc_numeric_c.o(locale$$data)
    __lcctype_c_name                         0x0800395c   Data           2  lc_ctype_c.o(locale$$data)
    __lcctype_c_start                        0x08003964   Data           0  lc_ctype_c.o(locale$$data)
    __lcctype_c_end                          0x08003a68   Data           0  lc_ctype_c.o(locale$$data)
    .data                                    0x20000000   Section        2  usart3.o(.data)
    .data                                    0x20000004   Section        8  timer.o(.data)
    .data                                    0x2000000c   Section        4  delay.o(.data)
    fac_us                                   0x2000000c   Data           1  delay.o(.data)
    fac_ms                                   0x2000000e   Data           2  delay.o(.data)
    .data                                    0x20000010   Section        6  usart.o(.data)
    .data                                    0x20000016   Section       16  stm32f4xx_rcc.o(.data)
    APBAHBPrescTable                         0x20000016   Data          16  stm32f4xx_rcc.o(.data)
    .bss                                     0x20000028   Section      800  usart3.o(.bss)
    .bss                                     0x20000348   Section      200  usart.o(.bss)
    .bss                                     0x20000410   Section       96  libspace.o(.bss)
    HEAP                                     0x20000470   Section      512  startup_stm32f40_41xxx.o(HEAP)
    Heap_Mem                                 0x20000470   Data         512  startup_stm32f40_41xxx.o(HEAP)
    STACK                                    0x20000670   Section     1024  startup_stm32f40_41xxx.o(STACK)
    Stack_Mem                                0x20000670   Data        1024  startup_stm32f40_41xxx.o(STACK)
    __initial_sp                             0x20000a70   Data           0  startup_stm32f40_41xxx.o(STACK)

    Global Symbols

    Symbol Name                              Value     Ov Type        Size  Object(Section)

    BuildAttributes$$THM_ISAv4$E$P$D$K$B$S$7EM$VFPi3$EXTD16$VFPS$VFMA$PE$A:L22UL41UL21$X:L11$S22US41US21$IEEE1$IW$USESV6$~STKCKD$USESV7$~SHL$OTIME$ROPI$IEEEJ$EBA8$UX$STANDARDLIB$REQ8$PRES8$EABIv2 0x00000000   Number         0  anon$$obj.o ABSOLUTE
    __ARM_use_no_argv                        0x00000000   Number         0  main.o ABSOLUTE
    _printf_flags                            0x00000000   Number         0  printf_stubs.o ABSOLUTE
    _printf_return_value                     0x00000000   Number         0  printf_stubs.o ABSOLUTE
    _printf_sizespec                         0x00000000   Number         0  printf_stubs.o ABSOLUTE
    _printf_widthprec                        0x00000000   Number         0  printf_stubs.o ABSOLUTE
    __ARM_exceptions_init                     - Undefined Weak Reference
    __alloca_initialize                       - Undefined Weak Reference
    __arm_preinit_                            - Undefined Weak Reference
    __cpp_initialize__aeabi_                  - Undefined Weak Reference
    __cxa_finalize                            - Undefined Weak Reference
    __sigvec_lookup                           - Undefined Weak Reference
    _atexit_init                              - Undefined Weak Reference
    _call_atexit_fns                          - Undefined Weak Reference
    _clock_init                               - Undefined Weak Reference
    _fp_trap_init                             - Undefined Weak Reference
    _fp_trap_shutdown                         - Undefined Weak Reference
    _get_lc_collate                           - Undefined Weak Reference
    _get_lc_monetary                          - Undefined Weak Reference
    _get_lc_time                              - Undefined Weak Reference
    _getenv_init                              - Undefined Weak Reference
    _handle_redirection                       - Undefined Weak Reference
    _init_alloc                               - Undefined Weak Reference
    _init_user_alloc                          - Undefined Weak Reference
    _initio                                   - Undefined Weak Reference
    _mutex_acquire                            - Undefined Weak Reference
    _mutex_release                            - Undefined Weak Reference
    _printf_mbtowc                            - Undefined Weak Reference
    _printf_wc                                - Undefined Weak Reference
    _rand_init                                - Undefined Weak Reference
    _signal_finish                            - Undefined Weak Reference
    _signal_init                              - Undefined Weak Reference
    _terminate_alloc                          - Undefined Weak Reference
    _terminate_user_alloc                     - Undefined Weak Reference
    _terminateio                              - Undefined Weak Reference
    __Vectors_Size                           0x00000188   Number         0  startup_stm32f40_41xxx.o ABSOLUTE
    __Vectors                                0x08000000   Data           4  startup_stm32f40_41xxx.o(RESET)
    __Vectors_End                            0x08000188   Data           0  startup_stm32f40_41xxx.o(RESET)
    __main                                   0x08000189   Thumb Code     8  __main.o(!!!main)
    __scatterload                            0x08000191   Thumb Code     0  __scatter.o(!!!scatter)
    __scatterload_rt2                        0x08000191   Thumb Code    44  __scatter.o(!!!scatter)
    __scatterload_rt2_thumb_only             0x08000191   Thumb Code     0  __scatter.o(!!!scatter)
    __scatterload_null                       0x0800019f   Thumb Code     0  __scatter.o(!!!scatter)
    __scatterload_copy                       0x080001c5   Thumb Code    26  __scatter_copy.o(!!handler_copy)
    __scatterload_zeroinit                   0x080001e1   Thumb Code    28  __scatter_zi.o(!!handler_zi)
    _printf_n                                0x080001fd   Thumb Code     0  _printf_n.o(.ARM.Collect$$_printf_percent$$00000001)
    _printf_percent                          0x080001fd   Thumb Code     0  _printf_percent.o(.ARM.Collect$$_printf_percent$$00000000)
    _printf_p                                0x08000203   Thumb Code     0  _printf_p.o(.ARM.Collect$$_printf_percent$$00000002)
    _printf_f                                0x08000209   Thumb Code     0  _printf_f.o(.ARM.Collect$$_printf_percent$$00000003)
    _printf_e                                0x0800020f   Thumb Code     0  _printf_e.o(.ARM.Collect$$_printf_percent$$00000004)
    _printf_g                                0x08000215   Thumb Code     0  _printf_g.o(.ARM.Collect$$_printf_percent$$00000005)
    _printf_a                                0x0800021b   Thumb Code     0  _printf_a.o(.ARM.Collect$$_printf_percent$$00000006)
    _printf_ll                               0x08000221   Thumb Code     0  _printf_ll.o(.ARM.Collect$$_printf_percent$$00000007)
    _printf_i                                0x0800022b   Thumb Code     0  _printf_i.o(.ARM.Collect$$_printf_percent$$00000008)
    _printf_d                                0x08000231   Thumb Code     0  _printf_d.o(.ARM.Collect$$_printf_percent$$00000009)
    _printf_u                                0x08000237   Thumb Code     0  _printf_u.o(.ARM.Collect$$_printf_percent$$0000000A)
    _printf_o                                0x0800023d   Thumb Code     0  _printf_o.o(.ARM.Collect$$_printf_percent$$0000000B)
    _printf_x                                0x08000243   Thumb Code     0  _printf_x.o(.ARM.Collect$$_printf_percent$$0000000C)
    _printf_lli                              0x08000249   Thumb Code     0  _printf_lli.o(.ARM.Collect$$_printf_percent$$0000000D)
    _printf_lld                              0x0800024f   Thumb Code     0  _printf_lld.o(.ARM.Collect$$_printf_percent$$0000000E)
    _printf_llu                              0x08000255   Thumb Code     0  _printf_llu.o(.ARM.Collect$$_printf_percent$$0000000F)
    _printf_llo                              0x0800025b   Thumb Code     0  _printf_llo.o(.ARM.Collect$$_printf_percent$$00000010)
    _printf_llx                              0x08000261   Thumb Code     0  _printf_llx.o(.ARM.Collect$$_printf_percent$$00000011)
    _printf_l                                0x08000267   Thumb Code     0  _printf_l.o(.ARM.Collect$$_printf_percent$$00000012)
    _printf_c                                0x08000271   Thumb Code     0  _printf_c.o(.ARM.Collect$$_printf_percent$$00000013)
    _printf_s                                0x08000277   Thumb Code     0  _printf_s.o(.ARM.Collect$$_printf_percent$$00000014)
    _printf_lc                               0x0800027d   Thumb Code     0  _printf_lc.o(.ARM.Collect$$_printf_percent$$00000015)
    _printf_ls                               0x08000283   Thumb Code     0  _printf_ls.o(.ARM.Collect$$_printf_percent$$00000016)
    _printf_percent_end                      0x08000289   Thumb Code     0  _printf_percent_end.o(.ARM.Collect$$_printf_percent$$00000017)
    __rt_lib_init                            0x0800028d   Thumb Code     0  libinit.o(.ARM.Collect$$libinit$$00000000)
    __rt_lib_init_fp_1                       0x0800028f   Thumb Code     0  libinit2.o(.ARM.Collect$$libinit$$00000001)
    __rt_lib_init_heap_1                     0x08000293   Thumb Code     0  libinit2.o(.ARM.Collect$$libinit$$0000000A)
    __rt_lib_init_lc_common                  0x08000293   Thumb Code     0  libinit2.o(.ARM.Collect$$libinit$$0000000F)
    __rt_lib_init_preinit_1                  0x08000293   Thumb Code     0  libinit2.o(.ARM.Collect$$libinit$$00000004)
    __rt_lib_init_rand_1                     0x08000293   Thumb Code     0  libinit2.o(.ARM.Collect$$libinit$$0000000E)
    __rt_lib_init_user_alloc_1               0x08000293   Thumb Code     0  libinit2.o(.ARM.Collect$$libinit$$0000000C)
    __rt_lib_init_lc_collate_1               0x08000299   Thumb Code     0  libinit2.o(.ARM.Collect$$libinit$$00000011)
    __rt_lib_init_lc_ctype_2                 0x08000299   Thumb Code     0  libinit2.o(.ARM.Collect$$libinit$$00000012)
    __rt_lib_init_lc_ctype_1                 0x080002a5   Thumb Code     0  libinit2.o(.ARM.Collect$$libinit$$00000013)
    __rt_lib_init_lc_monetary_1              0x080002a5   Thumb Code     0  libinit2.o(.ARM.Collect$$libinit$$00000015)
    __rt_lib_init_lc_numeric_2               0x080002a5   Thumb Code     0  libinit2.o(.ARM.Collect$$libinit$$00000016)
    __rt_lib_init_alloca_1                   0x080002af   Thumb Code     0  libinit2.o(.ARM.Collect$$libinit$$0000002E)
    __rt_lib_init_argv_1                     0x080002af   Thumb Code     0  libinit2.o(.ARM.Collect$$libinit$$0000002C)
    __rt_lib_init_atexit_1                   0x080002af   Thumb Code     0  libinit2.o(.ARM.Collect$$libinit$$0000001B)
    __rt_lib_init_clock_1                    0x080002af   Thumb Code     0  libinit2.o(.ARM.Collect$$libinit$$00000021)
    __rt_lib_init_cpp_1                      0x080002af   Thumb Code     0  libinit2.o(.ARM.Collect$$libinit$$00000032)
    __rt_lib_init_exceptions_1               0x080002af   Thumb Code     0  libinit2.o(.ARM.Collect$$libinit$$00000030)
    __rt_lib_init_fp_trap_1                  0x080002af   Thumb Code     0  libinit2.o(.ARM.Collect$$libinit$$0000001F)
    __rt_lib_init_getenv_1                   0x080002af   Thumb Code     0  libinit2.o(.ARM.Collect$$libinit$$00000023)
    __rt_lib_init_lc_numeric_1               0x080002af   Thumb Code     0  libinit2.o(.ARM.Collect$$libinit$$00000017)
    __rt_lib_init_lc_time_1                  0x080002af   Thumb Code     0  libinit2.o(.ARM.Collect$$libinit$$00000019)
    __rt_lib_init_return                     0x080002af   Thumb Code     0  libinit2.o(.ARM.Collect$$libinit$$00000033)
    __rt_lib_init_signal_1                   0x080002af   Thumb Code     0  libinit2.o(.ARM.Collect$$libinit$$0000001D)
    __rt_lib_init_stdio_1                    0x080002af   Thumb Code     0  libinit2.o(.ARM.Collect$$libinit$$00000025)
    __rt_lib_shutdown                        0x080002b1   Thumb Code     0  libshutdown.o(.ARM.Collect$$libshutdown$$00000000)
    __rt_lib_shutdown_fp_trap_1              0x080002b3   Thumb Code     0  libshutdown2.o(.ARM.Collect$$libshutdown$$00000006)
    __rt_lib_shutdown_heap_1                 0x080002b3   Thumb Code     0  libshutdown2.o(.ARM.Collect$$libshutdown$$0000000E)
    __rt_lib_shutdown_return                 0x080002b3   Thumb Code     0  libshutdown2.o(.ARM.Collect$$libshutdown$$0000000F)
    __rt_lib_shutdown_signal_1               0x080002b3   Thumb Code     0  libshutdown2.o(.ARM.Collect$$libshutdown$$00000009)
    __rt_lib_shutdown_stdio_1                0x080002b3   Thumb Code     0  libshutdown2.o(.ARM.Collect$$libshutdown$$00000003)
    __rt_lib_shutdown_user_alloc_1           0x080002b3   Thumb Code     0  libshutdown2.o(.ARM.Collect$$libshutdown$$0000000B)
    __rt_entry                               0x080002b5   Thumb Code     0  __rtentry.o(.ARM.Collect$$rtentry$$00000000)
    __rt_entry_presh_1                       0x080002b5   Thumb Code     0  __rtentry2.o(.ARM.Collect$$rtentry$$00000002)
    __rt_entry_sh                            0x080002b5   Thumb Code     0  __rtentry4.o(.ARM.Collect$$rtentry$$00000004)
    __rt_entry_li                            0x080002bb   Thumb Code     0  __rtentry2.o(.ARM.Collect$$rtentry$$0000000A)
    __rt_entry_postsh_1                      0x080002bb   Thumb Code     0  __rtentry2.o(.ARM.Collect$$rtentry$$00000009)
    __rt_entry_main                          0x080002bf   Thumb Code     0  __rtentry2.o(.ARM.Collect$$rtentry$$0000000D)
    __rt_entry_postli_1                      0x080002bf   Thumb Code     0  __rtentry2.o(.ARM.Collect$$rtentry$$0000000C)
    __rt_exit                                0x080002c7   Thumb Code     0  rtexit.o(.ARM.Collect$$rtexit$$00000000)
    __rt_exit_ls                             0x080002c9   Thumb Code     0  rtexit2.o(.ARM.Collect$$rtexit$$00000003)
    __rt_exit_prels_1                        0x080002c9   Thumb Code     0  rtexit2.o(.ARM.Collect$$rtexit$$00000002)
    __rt_exit_exit                           0x080002cd   Thumb Code     0  rtexit2.o(.ARM.Collect$$rtexit$$00000004)
    Reset_Handler                            0x080002d5   Thumb Code     8  startup_stm32f40_41xxx.o(.text)
    ADC_IRQHandler                           0x080002ef   Thumb Code     0  startup_stm32f40_41xxx.o(.text)
    CAN1_RX0_IRQHandler                      0x080002ef   Thumb Code     0  startup_stm32f40_41xxx.o(.text)
    CAN1_RX1_IRQHandler                      0x080002ef   Thumb Code     0  startup_stm32f40_41xxx.o(.text)
    CAN1_SCE_IRQHandler                      0x080002ef   Thumb Code     0  startup_stm32f40_41xxx.o(.text)
    CAN1_TX_IRQHandler                       0x080002ef   Thumb Code     0  startup_stm32f40_41xxx.o(.text)
    CAN2_RX0_IRQHandler                      0x080002ef   Thumb Code     0  startup_stm32f40_41xxx.o(.text)
    CAN2_RX1_IRQHandler                      0x080002ef   Thumb Code     0  startup_stm32f40_41xxx.o(.text)
    CAN2_SCE_IRQHandler                      0x080002ef   Thumb Code     0  startup_stm32f40_41xxx.o(.text)
    CAN2_TX_IRQHandler                       0x080002ef   Thumb Code     0  startup_stm32f40_41xxx.o(.text)
    CRYP_IRQHandler                          0x080002ef   Thumb Code     0  startup_stm32f40_41xxx.o(.text)
    DCMI_IRQHandler                          0x080002ef   Thumb Code     0  startup_stm32f40_41xxx.o(.text)
    DMA1_Stream0_IRQHandler                  0x080002ef   Thumb Code     0  startup_stm32f40_41xxx.o(.text)
    DMA1_Stream1_IRQHandler                  0x080002ef   Thumb Code     0  startup_stm32f40_41xxx.o(.text)
    DMA1_Stream2_IRQHandler                  0x080002ef   Thumb Code     0  startup_stm32f40_41xxx.o(.text)
    DMA1_Stream3_IRQHandler                  0x080002ef   Thumb Code     0  startup_stm32f40_41xxx.o(.text)
    DMA1_Stream4_IRQHandler                  0x080002ef   Thumb Code     0  startup_stm32f40_41xxx.o(.text)
    DMA1_Stream5_IRQHandler                  0x080002ef   Thumb Code     0  startup_stm32f40_41xxx.o(.text)
    DMA1_Stream6_IRQHandler                  0x080002ef   Thumb Code     0  startup_stm32f40_41xxx.o(.text)
    DMA1_Stream7_IRQHandler                  0x080002ef   Thumb Code     0  startup_stm32f40_41xxx.o(.text)
    DMA2_Stream0_IRQHandler                  0x080002ef   Thumb Code     0  startup_stm32f40_41xxx.o(.text)
    DMA2_Stream1_IRQHandler                  0x080002ef   Thumb Code     0  startup_stm32f40_41xxx.o(.text)
    DMA2_Stream2_IRQHandler                  0x080002ef   Thumb Code     0  startup_stm32f40_41xxx.o(.text)
    DMA2_Stream3_IRQHandler                  0x080002ef   Thumb Code     0  startup_stm32f40_41xxx.o(.text)
    DMA2_Stream4_IRQHandler                  0x080002ef   Thumb Code     0  startup_stm32f40_41xxx.o(.text)
    DMA2_Stream5_IRQHandler                  0x080002ef   Thumb Code     0  startup_stm32f40_41xxx.o(.text)
    DMA2_Stream6_IRQHandler                  0x080002ef   Thumb Code     0  startup_stm32f40_41xxx.o(.text)
    DMA2_Stream7_IRQHandler                  0x080002ef   Thumb Code     0  startup_stm32f40_41xxx.o(.text)
    ETH_IRQHandler                           0x080002ef   Thumb Code     0  startup_stm32f40_41xxx.o(.text)
    ETH_WKUP_IRQHandler                      0x080002ef   Thumb Code     0  startup_stm32f40_41xxx.o(.text)
    EXTI0_IRQHandler                         0x080002ef   Thumb Code     0  startup_stm32f40_41xxx.o(.text)
    EXTI15_10_IRQHandler                     0x080002ef   Thumb Code     0  startup_stm32f40_41xxx.o(.text)
    EXTI1_IRQHandler                         0x080002ef   Thumb Code     0  startup_stm32f40_41xxx.o(.text)
    EXTI2_IRQHandler                         0x080002ef   Thumb Code     0  startup_stm32f40_41xxx.o(.text)
    EXTI3_IRQHandler                         0x080002ef   Thumb Code     0  startup_stm32f40_41xxx.o(.text)
    EXTI4_IRQHandler                         0x080002ef   Thumb Code     0  startup_stm32f40_41xxx.o(.text)
    EXTI9_5_IRQHandler                       0x080002ef   Thumb Code     0  startup_stm32f40_41xxx.o(.text)
    FLASH_IRQHandler                         0x080002ef   Thumb Code     0  startup_stm32f40_41xxx.o(.text)
    FPU_IRQHandler                           0x080002ef   Thumb Code     0  startup_stm32f40_41xxx.o(.text)
    FSMC_IRQHandler                          0x080002ef   Thumb Code     0  startup_stm32f40_41xxx.o(.text)
    HASH_RNG_IRQHandler                      0x080002ef   Thumb Code     0  startup_stm32f40_41xxx.o(.text)
    I2C1_ER_IRQHandler                       0x080002ef   Thumb Code     0  startup_stm32f40_41xxx.o(.text)
    I2C1_EV_IRQHandler                       0x080002ef   Thumb Code     0  startup_stm32f40_41xxx.o(.text)
    I2C2_ER_IRQHandler                       0x080002ef   Thumb Code     0  startup_stm32f40_41xxx.o(.text)
    I2C2_EV_IRQHandler                       0x080002ef   Thumb Code     0  startup_stm32f40_41xxx.o(.text)
    I2C3_ER_IRQHandler                       0x080002ef   Thumb Code     0  startup_stm32f40_41xxx.o(.text)
    I2C3_EV_IRQHandler                       0x080002ef   Thumb Code     0  startup_stm32f40_41xxx.o(.text)
    OTG_FS_IRQHandler                        0x080002ef   Thumb Code     0  startup_stm32f40_41xxx.o(.text)
    OTG_FS_WKUP_IRQHandler                   0x080002ef   Thumb Code     0  startup_stm32f40_41xxx.o(.text)
    OTG_HS_EP1_IN_IRQHandler                 0x080002ef   Thumb Code     0  startup_stm32f40_41xxx.o(.text)
    OTG_HS_EP1_OUT_IRQHandler                0x080002ef   Thumb Code     0  startup_stm32f40_41xxx.o(.text)
    OTG_HS_IRQHandler                        0x080002ef   Thumb Code     0  startup_stm32f40_41xxx.o(.text)
    OTG_HS_WKUP_IRQHandler                   0x080002ef   Thumb Code     0  startup_stm32f40_41xxx.o(.text)
    PVD_IRQHandler                           0x080002ef   Thumb Code     0  startup_stm32f40_41xxx.o(.text)
    RCC_IRQHandler                           0x080002ef   Thumb Code     0  startup_stm32f40_41xxx.o(.text)
    RTC_Alarm_IRQHandler                     0x080002ef   Thumb Code     0  startup_stm32f40_41xxx.o(.text)
    RTC_WKUP_IRQHandler                      0x080002ef   Thumb Code     0  startup_stm32f40_41xxx.o(.text)
    SDIO_IRQHandler                          0x080002ef   Thumb Code     0  startup_stm32f40_41xxx.o(.text)
    SPI1_IRQHandler                          0x080002ef   Thumb Code     0  startup_stm32f40_41xxx.o(.text)
    SPI2_IRQHandler                          0x080002ef   Thumb Code     0  startup_stm32f40_41xxx.o(.text)
    SPI3_IRQHandler                          0x080002ef   Thumb Code     0  startup_stm32f40_41xxx.o(.text)
    TAMP_STAMP_IRQHandler                    0x080002ef   Thumb Code     0  startup_stm32f40_41xxx.o(.text)
    TIM1_BRK_TIM9_IRQHandler                 0x080002ef   Thumb Code     0  startup_stm32f40_41xxx.o(.text)
    TIM1_CC_IRQHandler                       0x080002ef   Thumb Code     0  startup_stm32f40_41xxx.o(.text)
    TIM1_TRG_COM_TIM11_IRQHandler            0x080002ef   Thumb Code     0  startup_stm32f40_41xxx.o(.text)
    TIM1_UP_TIM10_IRQHandler                 0x080002ef   Thumb Code     0  startup_stm32f40_41xxx.o(.text)
    TIM2_IRQHandler                          0x080002ef   Thumb Code     0  startup_stm32f40_41xxx.o(.text)
    TIM3_IRQHandler                          0x080002ef   Thumb Code     0  startup_stm32f40_41xxx.o(.text)
    TIM4_IRQHandler                          0x080002ef   Thumb Code     0  startup_stm32f40_41xxx.o(.text)
    TIM6_DAC_IRQHandler                      0x080002ef   Thumb Code     0  startup_stm32f40_41xxx.o(.text)
    TIM8_BRK_TIM12_IRQHandler                0x080002ef   Thumb Code     0  startup_stm32f40_41xxx.o(.text)
    TIM8_CC_IRQHandler                       0x080002ef   Thumb Code     0  startup_stm32f40_41xxx.o(.text)
    TIM8_TRG_COM_TIM14_IRQHandler            0x080002ef   Thumb Code     0  startup_stm32f40_41xxx.o(.text)
    TIM8_UP_TIM13_IRQHandler                 0x080002ef   Thumb Code     0  startup_stm32f40_41xxx.o(.text)
    UART4_IRQHandler                         0x080002ef   Thumb Code     0  startup_stm32f40_41xxx.o(.text)
    UART5_IRQHandler                         0x080002ef   Thumb Code     0  startup_stm32f40_41xxx.o(.text)
    USART2_IRQHandler                        0x080002ef   Thumb Code     0  startup_stm32f40_41xxx.o(.text)
    USART6_IRQHandler                        0x080002ef   Thumb Code     0  startup_stm32f40_41xxx.o(.text)
    WWDG_IRQHandler                          0x080002ef   Thumb Code     0  startup_stm32f40_41xxx.o(.text)
    __user_initial_stackheap                 0x080002f1   Thumb Code     0  startup_stm32f40_41xxx.o(.text)
    __use_no_semihosting                     0x08000315   Thumb Code     2  use_no_semi_2.o(.text)
    vsprintf                                 0x08000319   Thumb Code    32  vsprintf.o(.text)
    __2printf                                0x0800033d   Thumb Code    20  __2printf.o(.text)
    strlen                                   0x08000355   Thumb Code    62  strlen.o(.text)
    __use_two_region_memory                  0x08000393   Thumb Code     2  heapauxi.o(.text)
    __rt_heap_escrow$2region                 0x08000395   Thumb Code     2  heapauxi.o(.text)
    __rt_heap_expand$2region                 0x08000397   Thumb Code     2  heapauxi.o(.text)
    __I$use$semihosting                      0x08000399   Thumb Code     0  use_no_semi.o(.text)
    __use_no_semihosting_swi                 0x08000399   Thumb Code     2  use_no_semi.o(.text)
    _printf_pre_padding                      0x0800039b   Thumb Code    44  _printf_pad.o(.text)
    _printf_post_padding                     0x080003c7   Thumb Code    34  _printf_pad.o(.text)
    _printf_truncate_signed                  0x080003e9   Thumb Code    18  _printf_truncate.o(.text)
    _printf_truncate_unsigned                0x080003fb   Thumb Code    18  _printf_truncate.o(.text)
    _printf_str                              0x0800040d   Thumb Code    82  _printf_str.o(.text)
    _printf_int_dec                          0x08000461   Thumb Code   104  _printf_dec.o(.text)
    _printf_charcount                        0x080004d9   Thumb Code    40  _printf_charcount.o(.text)
    _printf_char_common                      0x0800050b   Thumb Code    32  _printf_char_common.o(.text)
    _sputc                                   0x08000531   Thumb Code    10  _sputc.o(.text)
    _printf_char_file                        0x0800053d   Thumb Code    32  _printf_char_file.o(.text)
    _printf_wctomb                           0x08000561   Thumb Code   182  _printf_wctomb.o(.text)
    _printf_longlong_dec                     0x0800061d   Thumb Code   108  _printf_longlong_dec.o(.text)
    _printf_longlong_oct                     0x08000699   Thumb Code    68  _printf_oct_int_ll.o(.text)
    _printf_int_oct                          0x080006dd   Thumb Code    24  _printf_oct_int_ll.o(.text)
    _printf_ll_oct                           0x080006f5   Thumb Code    12  _printf_oct_int_ll.o(.text)
    _printf_longlong_hex                     0x08000709   Thumb Code    86  _printf_hex_int_ll_ptr.o(.text)
    _printf_int_hex                          0x0800075f   Thumb Code    28  _printf_hex_int_ll_ptr.o(.text)
    _printf_ll_hex                           0x0800077b   Thumb Code    12  _printf_hex_int_ll_ptr.o(.text)
    _printf_hex_ptr                          0x08000787   Thumb Code    18  _printf_hex_int_ll_ptr.o(.text)
    __printf                                 0x0800079d   Thumb Code   388  __printf_flags_ss_wp.o(.text)
    _ll_udiv10                               0x08000925   Thumb Code   138  lludiv10.o(.text)
    _printf_int_common                       0x080009af   Thumb Code   178  _printf_intcommon.o(.text)
    __lib_sel_fp_printf                      0x08000a61   Thumb Code     2  _printf_fp_dec.o(.text)
    _printf_fp_dec_real                      0x08000c0f   Thumb Code   620  _printf_fp_dec.o(.text)
    _printf_fp_hex_real                      0x08000e7d   Thumb Code   754  _printf_fp_hex.o(.text)
    _printf_cs_common                        0x08001179   Thumb Code    20  _printf_char.o(.text)
    _printf_char                             0x0800118d   Thumb Code    16  _printf_char.o(.text)
    _printf_string                           0x0800119d   Thumb Code     8  _printf_char.o(.text)
    _printf_lcs_common                       0x080011a5   Thumb Code    20  _printf_wchar.o(.text)
    _printf_wchar                            0x080011b9   Thumb Code    16  _printf_wchar.o(.text)
    _printf_wstring                          0x080011c9   Thumb Code     8  _printf_wchar.o(.text)
    ferror                                   0x080011d1   Thumb Code     8  ferror.o(.text)
    _wcrtomb                                 0x080011d9   Thumb Code    64  _wcrtomb.o(.text)
    __user_setup_stackheap                   0x08001219   Thumb Code    74  sys_stackheap_outer.o(.text)
    __rt_ctype_table                         0x08001265   Thumb Code    16  rt_ctype_table.o(.text)
    __rt_locale                              0x08001275   Thumb Code     8  rt_locale_intlibspace.o(.text)
    _printf_fp_infnan                        0x0800127d   Thumb Code   112  _printf_fp_infnan.o(.text)
    _btod_etento                             0x080012fd   Thumb Code   216  bigflt0.o(.text)
    exit                                     0x080013d9   Thumb Code    12  exit.o(.text)
    __user_libspace                          0x080013e5   Thumb Code     8  libspace.o(.text)
    __user_perproc_libspace                  0x080013e5   Thumb Code     0  libspace.o(.text)
    __user_perthread_libspace                0x080013e5   Thumb Code     0  libspace.o(.text)
    strcmp                                   0x080013ed   Thumb Code   128  strcmpv7m.o(.text)
    _btod_d2e                                0x0800146d   Thumb Code    62  btod.o(CL$$btod_d2e)
    _d2e_denorm_low                          0x080014ab   Thumb Code    70  btod.o(CL$$btod_d2e_denorm_low)
    _d2e_norm_op1                            0x080014f1   Thumb Code    96  btod.o(CL$$btod_d2e_norm_op1)
    __btod_div_common                        0x08001551   Thumb Code   696  btod.o(CL$$btod_div_common)
    _e2e                                     0x08001889   Thumb Code   198  btod.o(CL$$btod_e2e)
    _btod_ediv                               0x0800194f   Thumb Code    40  btod.o(CL$$btod_ediv)
    _btod_emul                               0x08001977   Thumb Code    40  btod.o(CL$$btod_emul)
    __btod_mult_common                       0x0800199f   Thumb Code   580  btod.o(CL$$btod_mult_common)
    BCOMPONENT_Init                          0x08001be5   Thumb Code  1104  bcomponent.o(i.BCOMPONENT_Init)
    BusFault_Handler                         0x08002035   Thumb Code     4  stm32f4xx_it.o(i.BusFault_Handler)
    DebugMon_Handler                         0x08002039   Thumb Code     2  stm32f4xx_it.o(i.DebugMon_Handler)
    GPIO_Init                                0x0800203b   Thumb Code   144  stm32f4xx_gpio.o(i.GPIO_Init)
    GPIO_PinAFConfig                         0x080020cb   Thumb Code    70  stm32f4xx_gpio.o(i.GPIO_PinAFConfig)
    GPIO_ResetBits                           0x08002111   Thumb Code     4  stm32f4xx_gpio.o(i.GPIO_ResetBits)
    GPIO_SetBits                             0x08002115   Thumb Code     4  stm32f4xx_gpio.o(i.GPIO_SetBits)
    HC05_Init                                0x08002119   Thumb Code   104  hc05.o(i.HC05_Init)
    HardFault_Handler                        0x0800218d   Thumb Code     4  stm32f4xx_it.o(i.HardFault_Handler)
    MemManage_Handler                        0x08002191   Thumb Code     4  stm32f4xx_it.o(i.MemManage_Handler)
    NMI_Handler                              0x08002195   Thumb Code     2  stm32f4xx_it.o(i.NMI_Handler)
    NVIC_Init                                0x08002199   Thumb Code   106  misc.o(i.NVIC_Init)
    NVIC_PriorityGroupConfig                 0x08002211   Thumb Code    10  misc.o(i.NVIC_PriorityGroupConfig)
    PendSV_Handler                           0x08002225   Thumb Code     2  stm32f4xx_it.o(i.PendSV_Handler)
    RCC_AHB1PeriphClockCmd                   0x08002229   Thumb Code    26  stm32f4xx_rcc.o(i.RCC_AHB1PeriphClockCmd)
    RCC_APB1PeriphClockCmd                   0x08002249   Thumb Code    26  stm32f4xx_rcc.o(i.RCC_APB1PeriphClockCmd)
    RCC_APB1PeriphResetCmd                   0x08002269   Thumb Code    26  stm32f4xx_rcc.o(i.RCC_APB1PeriphResetCmd)
    RCC_APB2PeriphClockCmd                   0x08002289   Thumb Code    26  stm32f4xx_rcc.o(i.RCC_APB2PeriphClockCmd)
    RCC_APB2PeriphResetCmd                   0x080022a9   Thumb Code    26  stm32f4xx_rcc.o(i.RCC_APB2PeriphResetCmd)
    RCC_GetClocksFreq                        0x080022c9   Thumb Code   214  stm32f4xx_rcc.o(i.RCC_GetClocksFreq)
    SVC_Handler                              0x080023b1   Thumb Code     2  stm32f4xx_it.o(i.SVC_Handler)
    SysTick_CLKSourceConfig                  0x080024a1   Thumb Code    40  misc.o(i.SysTick_CLKSourceConfig)
    SysTick_Handler                          0x080024c9   Thumb Code     2  stm32f4xx_it.o(i.SysTick_Handler)
    SystemInit                               0x080024cd   Thumb Code    88  system_stm32f4xx.o(i.SystemInit)
    TIM5_IRQHandler                          0x08002535   Thumb Code   194  timer.o(i.TIM5_IRQHandler)
    TIM7_IRQHandler                          0x08002605   Thumb Code    42  timer.o(i.TIM7_IRQHandler)
    TIM7_Int_Init                            0x08002639   Thumb Code    86  timer.o(i.TIM7_Int_Init)
    TIM_ClearITPendingBit                    0x08002695   Thumb Code     6  stm32f4xx_tim.o(i.TIM_ClearITPendingBit)
    TIM_Cmd                                  0x0800269b   Thumb Code    24  stm32f4xx_tim.o(i.TIM_Cmd)
    TIM_GetCapture1                          0x080026b3   Thumb Code     6  stm32f4xx_tim.o(i.TIM_GetCapture1)
    TIM_GetITStatus                          0x080026b9   Thumb Code    34  stm32f4xx_tim.o(i.TIM_GetITStatus)
    TIM_ITConfig                             0x080026db   Thumb Code    18  stm32f4xx_tim.o(i.TIM_ITConfig)
    TIM_OC1PolarityConfig                    0x080026ed   Thumb Code    18  stm32f4xx_tim.o(i.TIM_OC1PolarityConfig)
    TIM_SetCounter                           0x080026ff   Thumb Code     4  stm32f4xx_tim.o(i.TIM_SetCounter)
    TIM_TimeBaseInit                         0x08002705   Thumb Code   104  stm32f4xx_tim.o(i.TIM_TimeBaseInit)
    USART1_IRQHandler                        0x08002789   Thumb Code   122  usart.o(i.USART1_IRQHandler)
    USART3_IRQHandler                        0x08002811   Thumb Code    96  usart3.o(i.USART3_IRQHandler)
    USART_Cmd                                0x08002881   Thumb Code    24  stm32f4xx_usart.o(i.USART_Cmd)
    USART_DeInit                             0x08002899   Thumb Code   206  stm32f4xx_usart.o(i.USART_DeInit)
    USART_GetFlagStatus                      0x08002989   Thumb Code    26  stm32f4xx_usart.o(i.USART_GetFlagStatus)
    USART_GetITStatus                        0x080029a3   Thumb Code    84  stm32f4xx_usart.o(i.USART_GetITStatus)
    USART_ITConfig                           0x080029f7   Thumb Code    74  stm32f4xx_usart.o(i.USART_ITConfig)
    USART_Init                               0x08002a41   Thumb Code   204  stm32f4xx_usart.o(i.USART_Init)
    USART_ReceiveData                        0x08002b15   Thumb Code    10  stm32f4xx_usart.o(i.USART_ReceiveData)
    USART_SendData                           0x08002b1f   Thumb Code     8  stm32f4xx_usart.o(i.USART_SendData)
    UsageFault_Handler                       0x08002b27   Thumb Code     4  stm32f4xx_it.o(i.UsageFault_Handler)
    __ARM_fpclassify                         0x08002b2b   Thumb Code    48  fpclassify.o(i.__ARM_fpclassify)
    _is_digit                                0x08002b5b   Thumb Code    14  __printf_wp.o(i._is_digit)
    _sys_exit                                0x08002b69   Thumb Code     4  usart.o(i._sys_exit)
    delay_init                               0x08002b6d   Thumb Code    52  delay.o(i.delay_init)
    delay_ms                                 0x08002ba9   Thumb Code    56  delay.o(i.delay_ms)
    delay_xms                                0x08002be1   Thumb Code    72  delay.o(i.delay_xms)
    fputc                                    0x08002c2d   Thumb Code    22  usart.o(i.fputc)
    main                                     0x08002c49   Thumb Code  2136  main.o(i.main)
    u3_printf                                0x080035d9   Thumb Code    72  usart3.o(i.u3_printf)
    uart_init                                0x08003629   Thumb Code   164  usart.o(i.uart_init)
    usart3_init                              0x080036d5   Thumb Code   206  usart3.o(i.usart3_init)
    _get_lc_numeric                          0x080037b5   Thumb Code    44  lc_numeric_c.o(locale$$code)
    _get_lc_ctype                            0x080037e1   Thumb Code    44  lc_ctype_c.o(locale$$code)
    _fp_init                                 0x0800380d   Thumb Code    10  fpinit.o(x$fpl$fpinit)
    __fplib_config_fpu_vfp                   0x08003815   Thumb Code     0  fpinit.o(x$fpl$fpinit)
    __fplib_config_pureend_doubles           0x08003815   Thumb Code     0  fpinit.o(x$fpl$fpinit)
    _printf_fp_dec                           0x08003817   Thumb Code     4  printf1.o(x$fpl$printf1)
    _printf_fp_hex                           0x0800381b   Thumb Code     4  printf2.o(x$fpl$printf2)
    __I$use$fp                               0x0800381e   Number         0  usenofp.o(x$fpl$usenofp)
    Region$$Table$$Base                      0x0800391c   Number         0  anon$$obj.o(Region$$Table)
    Region$$Table$$Limit                     0x0800393c   Number         0  anon$$obj.o(Region$$Table)
    __ctype                                  0x08003965   Data           0  lc_ctype_c.o(locale$$data)
    USART3_RX_STA                            0x20000000   Data           2  usart3.o(.data)
    TIM5CH1_CAPTURE_STA                      0x20000004   Data           1  timer.o(.data)
    TIM5CH1_CAPTURE_VAL                      0x20000008   Data           4  timer.o(.data)
    __stdout                                 0x20000010   Data           4  usart.o(.data)
    USART_RX_STA                             0x20000014   Data           2  usart.o(.data)
    USART3_TX_BUF                            0x20000028   Data         400  usart3.o(.bss)
    USART3_RX_BUF                            0x200001b8   Data         400  usart3.o(.bss)
    USART_RX_BUF                             0x20000348   Data         200  usart.o(.bss)
    __libspace_start                         0x20000410   Data          96  libspace.o(.bss)
    __temporary_stack_top$libspace           0x20000470   Data           0  libspace.o(.bss)



==============================================================================

Memory Map of the image

  Image Entry point : 0x08000189

  Load Region LR_IROM1 (Base: 0x08000000, Size: 0x00003a90, Max: 0x00100000, ABSOLUTE)

    Execution Region ER_IROM1 (Base: 0x08000000, Size: 0x00003a68, Max: 0x00100000, ABSOLUTE)

    Base Addr    Size         Type   Attr      Idx    E Section Name        Object

    0x08000000   0x00000188   Data   RO          543    RESET               startup_stm32f40_41xxx.o
    0x08000188   0x00000008   Code   RO         1844  * !!!main             c_w.l(__main.o)
    0x08000190   0x00000034   Code   RO         2168    !!!scatter          c_w.l(__scatter.o)
    0x080001c4   0x0000001a   Code   RO         2170    !!handler_copy      c_w.l(__scatter_copy.o)
    0x080001de   0x00000002   PAD
    0x080001e0   0x0000001c   Code   RO         2172    !!handler_zi        c_w.l(__scatter_zi.o)
    0x080001fc   0x00000000   Code   RO         1932    .ARM.Collect$$_printf_percent$$00000000  c_w.l(_printf_percent.o)
    0x080001fc   0x00000006   Code   RO         1921    .ARM.Collect$$_printf_percent$$00000001  c_w.l(_printf_n.o)
    0x08000202   0x00000006   Code   RO         1923    .ARM.Collect$$_printf_percent$$00000002  c_w.l(_printf_p.o)
    0x08000208   0x00000006   Code   RO         1928    .ARM.Collect$$_printf_percent$$00000003  c_w.l(_printf_f.o)
    0x0800020e   0x00000006   Code   RO         1929    .ARM.Collect$$_printf_percent$$00000004  c_w.l(_printf_e.o)
    0x08000214   0x00000006   Code   RO         1930    .ARM.Collect$$_printf_percent$$00000005  c_w.l(_printf_g.o)
    0x0800021a   0x00000006   Code   RO         1931    .ARM.Collect$$_printf_percent$$00000006  c_w.l(_printf_a.o)
    0x08000220   0x0000000a   Code   RO         1936    .ARM.Collect$$_printf_percent$$00000007  c_w.l(_printf_ll.o)
    0x0800022a   0x00000006   Code   RO         1925    .ARM.Collect$$_printf_percent$$00000008  c_w.l(_printf_i.o)
    0x08000230   0x00000006   Code   RO         1926    .ARM.Collect$$_printf_percent$$00000009  c_w.l(_printf_d.o)
    0x08000236   0x00000006   Code   RO         1927    .ARM.Collect$$_printf_percent$$0000000A  c_w.l(_printf_u.o)
    0x0800023c   0x00000006   Code   RO         1924    .ARM.Collect$$_printf_percent$$0000000B  c_w.l(_printf_o.o)
    0x08000242   0x00000006   Code   RO         1922    .ARM.Collect$$_printf_percent$$0000000C  c_w.l(_printf_x.o)
    0x08000248   0x00000006   Code   RO         1933    .ARM.Collect$$_printf_percent$$0000000D  c_w.l(_printf_lli.o)
    0x0800024e   0x00000006   Code   RO         1934    .ARM.Collect$$_printf_percent$$0000000E  c_w.l(_printf_lld.o)
    0x08000254   0x00000006   Code   RO         1935    .ARM.Collect$$_printf_percent$$0000000F  c_w.l(_printf_llu.o)
    0x0800025a   0x00000006   Code   RO         1940    .ARM.Collect$$_printf_percent$$00000010  c_w.l(_printf_llo.o)
    0x08000260   0x00000006   Code   RO         1941    .ARM.Collect$$_printf_percent$$00000011  c_w.l(_printf_llx.o)
    0x08000266   0x0000000a   Code   RO         1937    .ARM.Collect$$_printf_percent$$00000012  c_w.l(_printf_l.o)
    0x08000270   0x00000006   Code   RO         1919    .ARM.Collect$$_printf_percent$$00000013  c_w.l(_printf_c.o)
    0x08000276   0x00000006   Code   RO         1920    .ARM.Collect$$_printf_percent$$00000014  c_w.l(_printf_s.o)
    0x0800027c   0x00000006   Code   RO         1938    .ARM.Collect$$_printf_percent$$00000015  c_w.l(_printf_lc.o)
    0x08000282   0x00000006   Code   RO         1939    .ARM.Collect$$_printf_percent$$00000016  c_w.l(_printf_ls.o)
    0x08000288   0x00000004   Code   RO         1980    .ARM.Collect$$_printf_percent$$00000017  c_w.l(_printf_percent_end.o)
    0x0800028c   0x00000002   Code   RO         2033    .ARM.Collect$$libinit$$00000000  c_w.l(libinit.o)
    0x0800028e   0x00000004   Code   RO         2049    .ARM.Collect$$libinit$$00000001  c_w.l(libinit2.o)
    0x08000292   0x00000000   Code   RO         2052    .ARM.Collect$$libinit$$00000004  c_w.l(libinit2.o)
    0x08000292   0x00000000   Code   RO         2055    .ARM.Collect$$libinit$$0000000A  c_w.l(libinit2.o)
    0x08000292   0x00000000   Code   RO         2057    .ARM.Collect$$libinit$$0000000C  c_w.l(libinit2.o)
    0x08000292   0x00000000   Code   RO         2059    .ARM.Collect$$libinit$$0000000E  c_w.l(libinit2.o)
    0x08000292   0x00000006   Code   RO         2060    .ARM.Collect$$libinit$$0000000F  c_w.l(libinit2.o)
    0x08000298   0x00000000   Code   RO         2062    .ARM.Collect$$libinit$$00000011  c_w.l(libinit2.o)
    0x08000298   0x0000000c   Code   RO         2063    .ARM.Collect$$libinit$$00000012  c_w.l(libinit2.o)
    0x080002a4   0x00000000   Code   RO         2064    .ARM.Collect$$libinit$$00000013  c_w.l(libinit2.o)
    0x080002a4   0x00000000   Code   RO         2066    .ARM.Collect$$libinit$$00000015  c_w.l(libinit2.o)
    0x080002a4   0x0000000a   Code   RO         2067    .ARM.Collect$$libinit$$00000016  c_w.l(libinit2.o)
    0x080002ae   0x00000000   Code   RO         2068    .ARM.Collect$$libinit$$00000017  c_w.l(libinit2.o)
    0x080002ae   0x00000000   Code   RO         2070    .ARM.Collect$$libinit$$00000019  c_w.l(libinit2.o)
    0x080002ae   0x00000000   Code   RO         2072    .ARM.Collect$$libinit$$0000001B  c_w.l(libinit2.o)
    0x080002ae   0x00000000   Code   RO         2074    .ARM.Collect$$libinit$$0000001D  c_w.l(libinit2.o)
    0x080002ae   0x00000000   Code   RO         2076    .ARM.Collect$$libinit$$0000001F  c_w.l(libinit2.o)
    0x080002ae   0x00000000   Code   RO         2078    .ARM.Collect$$libinit$$00000021  c_w.l(libinit2.o)
    0x080002ae   0x00000000   Code   RO         2080    .ARM.Collect$$libinit$$00000023  c_w.l(libinit2.o)
    0x080002ae   0x00000000   Code   RO         2082    .ARM.Collect$$libinit$$00000025  c_w.l(libinit2.o)
    0x080002ae   0x00000000   Code   RO         2086    .ARM.Collect$$libinit$$0000002C  c_w.l(libinit2.o)
    0x080002ae   0x00000000   Code   RO         2088    .ARM.Collect$$libinit$$0000002E  c_w.l(libinit2.o)
    0x080002ae   0x00000000   Code   RO         2090    .ARM.Collect$$libinit$$00000030  c_w.l(libinit2.o)
    0x080002ae   0x00000000   Code   RO         2092    .ARM.Collect$$libinit$$00000032  c_w.l(libinit2.o)
    0x080002ae   0x00000002   Code   RO         2093    .ARM.Collect$$libinit$$00000033  c_w.l(libinit2.o)
    0x080002b0   0x00000002   Code   RO         2111    .ARM.Collect$$libshutdown$$00000000  c_w.l(libshutdown.o)
    0x080002b2   0x00000000   Code   RO         2122    .ARM.Collect$$libshutdown$$00000003  c_w.l(libshutdown2.o)
    0x080002b2   0x00000000   Code   RO         2125    .ARM.Collect$$libshutdown$$00000006  c_w.l(libshutdown2.o)
    0x080002b2   0x00000000   Code   RO         2128    .ARM.Collect$$libshutdown$$00000009  c_w.l(libshutdown2.o)
    0x080002b2   0x00000000   Code   RO         2130    .ARM.Collect$$libshutdown$$0000000B  c_w.l(libshutdown2.o)
    0x080002b2   0x00000000   Code   RO         2133    .ARM.Collect$$libshutdown$$0000000E  c_w.l(libshutdown2.o)
    0x080002b2   0x00000002   Code   RO         2134    .ARM.Collect$$libshutdown$$0000000F  c_w.l(libshutdown2.o)
    0x080002b4   0x00000000   Code   RO         1848    .ARM.Collect$$rtentry$$00000000  c_w.l(__rtentry.o)
    0x080002b4   0x00000000   Code   RO         1951    .ARM.Collect$$rtentry$$00000002  c_w.l(__rtentry2.o)
    0x080002b4   0x00000006   Code   RO         1963    .ARM.Collect$$rtentry$$00000004  c_w.l(__rtentry4.o)
    0x080002ba   0x00000000   Code   RO         1953    .ARM.Collect$$rtentry$$00000009  c_w.l(__rtentry2.o)
    0x080002ba   0x00000004   Code   RO         1954    .ARM.Collect$$rtentry$$0000000A  c_w.l(__rtentry2.o)
    0x080002be   0x00000000   Code   RO         1956    .ARM.Collect$$rtentry$$0000000C  c_w.l(__rtentry2.o)
    0x080002be   0x00000008   Code   RO         1957    .ARM.Collect$$rtentry$$0000000D  c_w.l(__rtentry2.o)
    0x080002c6   0x00000002   Code   RO         2042    .ARM.Collect$$rtexit$$00000000  c_w.l(rtexit.o)
    0x080002c8   0x00000000   Code   RO         2095    .ARM.Collect$$rtexit$$00000002  c_w.l(rtexit2.o)
    0x080002c8   0x00000004   Code   RO         2096    .ARM.Collect$$rtexit$$00000003  c_w.l(rtexit2.o)
    0x080002cc   0x00000006   Code   RO         2097    .ARM.Collect$$rtexit$$00000004  c_w.l(rtexit2.o)
    0x080002d2   0x00000002   PAD
    0x080002d4   0x00000040   Code   RO          544    .text               startup_stm32f40_41xxx.o
    0x08000314   0x00000002   Code   RO         1832    .text               c_w.l(use_no_semi_2.o)
    0x08000316   0x00000002   PAD
    0x08000318   0x00000024   Code   RO         1834    .text               c_w.l(vsprintf.o)
    0x0800033c   0x00000018   Code   RO         1836    .text               c_w.l(__2printf.o)
    0x08000354   0x0000003e   Code   RO         1840    .text               c_w.l(strlen.o)
    0x08000392   0x00000006   Code   RO         1842    .text               c_w.l(heapauxi.o)
    0x08000398   0x00000002   Code   RO         1846    .text               c_w.l(use_no_semi.o)
    0x0800039a   0x0000004e   Code   RO         1851    .text               c_w.l(_printf_pad.o)
    0x080003e8   0x00000024   Code   RO         1853    .text               c_w.l(_printf_truncate.o)
    0x0800040c   0x00000052   Code   RO         1855    .text               c_w.l(_printf_str.o)
    0x0800045e   0x00000002   PAD
    0x08000460   0x00000078   Code   RO         1857    .text               c_w.l(_printf_dec.o)
    0x080004d8   0x00000028   Code   RO         1859    .text               c_w.l(_printf_charcount.o)
    0x08000500   0x00000030   Code   RO         1861    .text               c_w.l(_printf_char_common.o)
    0x08000530   0x0000000a   Code   RO         1863    .text               c_w.l(_sputc.o)
    0x0800053a   0x00000002   PAD
    0x0800053c   0x00000024   Code   RO         1865    .text               c_w.l(_printf_char_file.o)
    0x08000560   0x000000bc   Code   RO         1867    .text               c_w.l(_printf_wctomb.o)
    0x0800061c   0x0000007c   Code   RO         1870    .text               c_w.l(_printf_longlong_dec.o)
    0x08000698   0x00000070   Code   RO         1876    .text               c_w.l(_printf_oct_int_ll.o)
    0x08000708   0x00000094   Code   RO         1896    .text               c_w.l(_printf_hex_int_ll_ptr.o)
    0x0800079c   0x00000188   Code   RO         1916    .text               c_w.l(__printf_flags_ss_wp.o)
    0x08000924   0x0000008a   Code   RO         1965    .text               c_w.l(lludiv10.o)
    0x080009ae   0x000000b2   Code   RO         1967    .text               c_w.l(_printf_intcommon.o)
    0x08000a60   0x0000041a   Code   RO         1969    .text               c_w.l(_printf_fp_dec.o)
    0x08000e7a   0x00000002   PAD
    0x08000e7c   0x000002fc   Code   RO         1971    .text               c_w.l(_printf_fp_hex.o)
    0x08001178   0x0000002c   Code   RO         1976    .text               c_w.l(_printf_char.o)
    0x080011a4   0x0000002c   Code   RO         1978    .text               c_w.l(_printf_wchar.o)
    0x080011d0   0x00000008   Code   RO         1981    .text               c_w.l(ferror.o)
    0x080011d8   0x00000040   Code   RO         1985    .text               c_w.l(_wcrtomb.o)
    0x08001218   0x0000004a   Code   RO         1987    .text               c_w.l(sys_stackheap_outer.o)
    0x08001262   0x00000002   PAD
    0x08001264   0x00000010   Code   RO         1989    .text               c_w.l(rt_ctype_table.o)
    0x08001274   0x00000008   Code   RO         1994    .text               c_w.l(rt_locale_intlibspace.o)
    0x0800127c   0x00000080   Code   RO         1996    .text               c_w.l(_printf_fp_infnan.o)
    0x080012fc   0x000000dc   Code   RO         1998    .text               c_w.l(bigflt0.o)
    0x080013d8   0x0000000c   Code   RO         2026    .text               c_w.l(exit.o)
    0x080013e4   0x00000008   Code   RO         2039    .text               c_w.l(libspace.o)
    0x080013ec   0x00000080   Code   RO         2047    .text               c_w.l(strcmpv7m.o)
    0x0800146c   0x0000003e   Code   RO         2001    CL$$btod_d2e        c_w.l(btod.o)
    0x080014aa   0x00000046   Code   RO         2003    CL$$btod_d2e_denorm_low  c_w.l(btod.o)
    0x080014f0   0x00000060   Code   RO         2002    CL$$btod_d2e_norm_op1  c_w.l(btod.o)
    0x08001550   0x00000338   Code   RO         2011    CL$$btod_div_common  c_w.l(btod.o)
    0x08001888   0x000000c6   Code   RO         2008    CL$$btod_e2e        c_w.l(btod.o)
    0x0800194e   0x00000028   Code   RO         2005    CL$$btod_ediv       c_w.l(btod.o)
    0x08001976   0x00000028   Code   RO         2004    CL$$btod_emul       c_w.l(btod.o)
    0x0800199e   0x00000244   Code   RO         2010    CL$$btod_mult_common  c_w.l(btod.o)
    0x08001be2   0x00000002   PAD
    0x08001be4   0x00000450   Code   RO          416    i.BCOMPONENT_Init   bcomponent.o
    0x08002034   0x00000004   Code   RO          160    i.BusFault_Handler  stm32f4xx_it.o
    0x08002038   0x00000002   Code   RO          161    i.DebugMon_Handler  stm32f4xx_it.o
    0x0800203a   0x00000090   Code   RO          595    i.GPIO_Init         stm32f4xx_gpio.o
    0x080020ca   0x00000046   Code   RO          596    i.GPIO_PinAFConfig  stm32f4xx_gpio.o
    0x08002110   0x00000004   Code   RO          602    i.GPIO_ResetBits    stm32f4xx_gpio.o
    0x08002114   0x00000004   Code   RO          603    i.GPIO_SetBits      stm32f4xx_gpio.o
    0x08002118   0x00000074   Code   RO          294    i.HC05_Init         hc05.o
    0x0800218c   0x00000004   Code   RO          162    i.HardFault_Handler  stm32f4xx_it.o
    0x08002190   0x00000004   Code   RO          163    i.MemManage_Handler  stm32f4xx_it.o
    0x08002194   0x00000002   Code   RO          164    i.NMI_Handler       stm32f4xx_it.o
    0x08002196   0x00000002   PAD
    0x08002198   0x00000078   Code   RO          550    i.NVIC_Init         misc.o
    0x08002210   0x00000014   Code   RO          551    i.NVIC_PriorityGroupConfig  misc.o
    0x08002224   0x00000002   Code   RO          165    i.PendSV_Handler    stm32f4xx_it.o
    0x08002226   0x00000002   PAD
    0x08002228   0x00000020   Code   RO          692    i.RCC_AHB1PeriphClockCmd  stm32f4xx_rcc.o
    0x08002248   0x00000020   Code   RO          701    i.RCC_APB1PeriphClockCmd  stm32f4xx_rcc.o
    0x08002268   0x00000020   Code   RO          703    i.RCC_APB1PeriphResetCmd  stm32f4xx_rcc.o
    0x08002288   0x00000020   Code   RO          704    i.RCC_APB2PeriphClockCmd  stm32f4xx_rcc.o
    0x080022a8   0x00000020   Code   RO          706    i.RCC_APB2PeriphResetCmd  stm32f4xx_rcc.o
    0x080022c8   0x000000e8   Code   RO          713    i.RCC_GetClocksFreq  stm32f4xx_rcc.o
    0x080023b0   0x00000002   Code   RO          166    i.SVC_Handler       stm32f4xx_it.o
    0x080023b2   0x00000002   PAD
    0x080023b4   0x000000ec   Code   RO          257    i.SetSysClock       system_stm32f4xx.o
    0x080024a0   0x00000028   Code   RO          554    i.SysTick_CLKSourceConfig  misc.o
    0x080024c8   0x00000002   Code   RO          167    i.SysTick_Handler   stm32f4xx_it.o
    0x080024ca   0x00000002   PAD
    0x080024cc   0x00000068   Code   RO          259    i.SystemInit        system_stm32f4xx.o
    0x08002534   0x000000d0   Code   RO          366    i.TIM5_IRQHandler   timer.o
    0x08002604   0x00000034   Code   RO          367    i.TIM7_IRQHandler   timer.o
    0x08002638   0x0000005c   Code   RO          368    i.TIM7_Int_Init     timer.o
    0x08002694   0x00000006   Code   RO         1281    i.TIM_ClearITPendingBit  stm32f4xx_tim.o
    0x0800269a   0x00000018   Code   RO         1286    i.TIM_Cmd           stm32f4xx_tim.o
    0x080026b2   0x00000006   Code   RO         1301    i.TIM_GetCapture1   stm32f4xx_tim.o
    0x080026b8   0x00000022   Code   RO         1307    i.TIM_GetITStatus   stm32f4xx_tim.o
    0x080026da   0x00000012   Code   RO         1311    i.TIM_ITConfig      stm32f4xx_tim.o
    0x080026ec   0x00000012   Code   RO         1317    i.TIM_OC1PolarityConfig  stm32f4xx_tim.o
    0x080026fe   0x00000004   Code   RO         1352    i.TIM_SetCounter    stm32f4xx_tim.o
    0x08002702   0x00000002   PAD
    0x08002704   0x00000084   Code   RO         1358    i.TIM_TimeBaseInit  stm32f4xx_tim.o
    0x08002788   0x00000088   Code   RO          494    i.USART1_IRQHandler  usart.o
    0x08002810   0x00000070   Code   RO          318    i.USART3_IRQHandler  usart3.o
    0x08002880   0x00000018   Code   RO         1086    i.USART_Cmd         stm32f4xx_usart.o
    0x08002898   0x000000f0   Code   RO         1088    i.USART_DeInit      stm32f4xx_usart.o
    0x08002988   0x0000001a   Code   RO         1089    i.USART_GetFlagStatus  stm32f4xx_usart.o
    0x080029a2   0x00000054   Code   RO         1090    i.USART_GetITStatus  stm32f4xx_usart.o
    0x080029f6   0x0000004a   Code   RO         1092    i.USART_ITConfig    stm32f4xx_usart.o
    0x08002a40   0x000000d4   Code   RO         1093    i.USART_Init        stm32f4xx_usart.o
    0x08002b14   0x0000000a   Code   RO         1100    i.USART_ReceiveData  stm32f4xx_usart.o
    0x08002b1e   0x00000008   Code   RO         1103    i.USART_SendData    stm32f4xx_usart.o
    0x08002b26   0x00000004   Code   RO          168    i.UsageFault_Handler  stm32f4xx_it.o
    0x08002b2a   0x00000030   Code   RO         2037    i.__ARM_fpclassify  m_wm.l(fpclassify.o)
    0x08002b5a   0x0000000e   Code   RO         1909    i._is_digit         c_w.l(__printf_wp.o)
    0x08002b68   0x00000004   Code   RO          495    i._sys_exit         usart.o
    0x08002b6c   0x0000003c   Code   RO          436    i.delay_init        delay.o
    0x08002ba8   0x00000038   Code   RO          437    i.delay_ms          delay.o
    0x08002be0   0x0000004c   Code   RO          439    i.delay_xms         delay.o
    0x08002c2c   0x0000001c   Code   RO          496    i.fputc             usart.o
    0x08002c48   0x00000990   Code   RO            3    i.main              main.o
    0x080035d8   0x00000050   Code   RO          319    i.u3_printf         usart3.o
    0x08003628   0x000000ac   Code   RO          497    i.uart_init         usart.o
    0x080036d4   0x000000e0   Code   RO          320    i.usart3_init       usart3.o
    0x080037b4   0x0000002c   Code   RO         2024    locale$$code        c_w.l(lc_numeric_c.o)
    0x080037e0   0x0000002c   Code   RO         2045    locale$$code        c_w.l(lc_ctype_c.o)
    0x0800380c   0x0000000a   Code   RO         2103    x$fpl$fpinit        fz_wm.l(fpinit.o)
    0x08003816   0x00000004   Code   RO         1942    x$fpl$printf1       fz_wm.l(printf1.o)
    0x0800381a   0x00000004   Code   RO         1944    x$fpl$printf2       fz_wm.l(printf2.o)
    0x0800381e   0x00000000   Code   RO         2036    x$fpl$usenofp       fz_wm.l(usenofp.o)
    0x0800381e   0x00000002   PAD
    0x08003820   0x00000008   Data   RO         1868    .constdata          c_w.l(_printf_wctomb.o)
    0x08003828   0x00000028   Data   RO         1897    .constdata          c_w.l(_printf_hex_int_ll_ptr.o)
    0x08003850   0x00000011   Data   RO         1917    .constdata          c_w.l(__printf_flags_ss_wp.o)
    0x08003861   0x00000026   Data   RO         1972    .constdata          c_w.l(_printf_fp_hex.o)
    0x08003887   0x00000001   PAD
    0x08003888   0x00000094   Data   RO         1999    .constdata          c_w.l(bigflt0.o)
    0x0800391c   0x00000020   Data   RO         2166    Region$$Table       anon$$obj.o
    0x0800393c   0x0000001c   Data   RO         2023    locale$$data        c_w.l(lc_numeric_c.o)
    0x08003958   0x00000110   Data   RO         2044    locale$$data        c_w.l(lc_ctype_c.o)


    Execution Region RW_IRAM1 (Base: 0x20000000, Size: 0x00000a70, Max: 0x00020000, ABSOLUTE)

    Base Addr    Size         Type   Attr      Idx    E Section Name        Object

    0x20000000   0x00000002   Data   RW          322    .data               usart3.o
    0x20000002   0x00000002   PAD
    0x20000004   0x00000008   Data   RW          370    .data               timer.o
    0x2000000c   0x00000004   Data   RW          440    .data               delay.o
    0x20000010   0x00000006   Data   RW          499    .data               usart.o
    0x20000016   0x00000010   Data   RW          745    .data               stm32f4xx_rcc.o
    0x20000026   0x00000002   PAD
    0x20000028   0x00000320   Zero   RW          321    .bss                usart3.o
    0x20000348   0x000000c8   Zero   RW          498    .bss                usart.o
    0x20000410   0x00000060   Zero   RW         2040    .bss                c_w.l(libspace.o)
    0x20000470   0x00000200   Zero   RW          542    HEAP                startup_stm32f40_41xxx.o
    0x20000670   0x00000400   Zero   RW          541    STACK               startup_stm32f40_41xxx.o


==============================================================================

Image component sizes


      Code (inc. data)   RO Data    RW Data    ZI Data      Debug   Object Name

      1104         26          0          0          0       1218   bcomponent.o
       192         12          0          4          0       1900   delay.o
       116         12          0          0          0        632   hc05.o
      2448        682          0          0          0     283111   main.o
       180         24          0          0          0       2049   misc.o
        64         26        392          0       1536        840   startup_stm32f40_41xxx.o
       222          0          0          0          0       2823   stm32f4xx_gpio.o
        26          0          0          0          0       3998   stm32f4xx_it.o
       392         48          0         16          0       5745   stm32f4xx_rcc.o
       242         28          0          0          0       5293   stm32f4xx_tim.o
       678         42          0          0          0       6004   stm32f4xx_usart.o
       340         32          0          0          0       1449   system_stm32f4xx.o
       352         30          0          8          0       2123   timer.o
       340         28          0          6        200       4192   usart.o
       416         42          0          2        800       3274   usart3.o

    ----------------------------------------------------------------------
      7122       1032        424         40       2536     324651   Object Totals
         0          0         32          0          0          0   (incl. Generated)
        10          0          0          4          0          0   (incl. Padding)

    ----------------------------------------------------------------------

      Code (inc. data)   RO Data    RW Data    ZI Data      Debug   Library Member Name

        24          4          0          0          0         84   __2printf.o
         8          0          0          0          0         68   __main.o
       392          4         17          0          0         92   __printf_flags_ss_wp.o
        14          0          0          0          0         68   __printf_wp.o
         0          0          0          0          0          0   __rtentry.o
        12          0          0          0          0          0   __rtentry2.o
         6          0          0          0          0          0   __rtentry4.o
        52          8          0          0          0          0   __scatter.o
        26          0          0          0          0          0   __scatter_copy.o
        28          0          0          0          0          0   __scatter_zi.o
         6          0          0          0          0          0   _printf_a.o
         6          0          0          0          0          0   _printf_c.o
        44          0          0          0          0        108   _printf_char.o
        48          6          0          0          0         96   _printf_char_common.o
        36          4          0          0          0         80   _printf_char_file.o
        40          0          0          0          0         68   _printf_charcount.o
         6          0          0          0          0          0   _printf_d.o
       120         16          0          0          0         92   _printf_dec.o
         6          0          0          0          0          0   _printf_e.o
         6          0          0          0          0          0   _printf_f.o
      1050          0          0          0          0        216   _printf_fp_dec.o
       764         10         38          0          0        100   _printf_fp_hex.o
       128         16          0          0          0         84   _printf_fp_infnan.o
         6          0          0          0          0          0   _printf_g.o
       148          4         40          0          0        160   _printf_hex_int_ll_ptr.o
         6          0          0          0          0          0   _printf_i.o
       178          0          0          0          0         88   _printf_intcommon.o
        10          0          0          0          0          0   _printf_l.o
         6          0          0          0          0          0   _printf_lc.o
        10          0          0          0          0          0   _printf_ll.o
         6          0          0          0          0          0   _printf_lld.o
         6          0          0          0          0          0   _printf_lli.o
         6          0          0          0          0          0   _printf_llo.o
         6          0          0          0          0          0   _printf_llu.o
         6          0          0          0          0          0   _printf_llx.o
       124         16          0          0          0         92   _printf_longlong_dec.o
         6          0          0          0          0          0   _printf_ls.o
         6          0          0          0          0          0   _printf_n.o
         6          0          0          0          0          0   _printf_o.o
       112          8          0          0          0        124   _printf_oct_int_ll.o
         6          0          0          0          0          0   _printf_p.o
        78          0          0          0          0        108   _printf_pad.o
         0          0          0          0          0          0   _printf_percent.o
         4          0          0          0          0          0   _printf_percent_end.o
         6          0          0          0          0          0   _printf_s.o
        82          0          0          0          0         80   _printf_str.o
        36          0          0          0          0         84   _printf_truncate.o
         6          0          0          0          0          0   _printf_u.o
        44          0          0          0          0        108   _printf_wchar.o
       188          6          8          0          0         92   _printf_wctomb.o
         6          0          0          0          0          0   _printf_x.o
        10          0          0          0          0         68   _sputc.o
        64          0          0          0          0         92   _wcrtomb.o
       220          4        148          0          0         96   bigflt0.o
      1910        128          0          0          0        672   btod.o
        12          0          0          0          0         72   exit.o
         8          0          0          0          0         68   ferror.o
         6          0          0          0          0        152   heapauxi.o
        44         10        272          0          0         76   lc_ctype_c.o
        44         10         28          0          0         76   lc_numeric_c.o
         2          0          0          0          0          0   libinit.o
        34          0          0          0          0          0   libinit2.o
         2          0          0          0          0          0   libshutdown.o
         2          0          0          0          0          0   libshutdown2.o
         8          4          0          0         96         68   libspace.o
       138          0          0          0          0         80   lludiv10.o
        16          4          0          0          0         76   rt_ctype_table.o
         8          4          0          0          0         68   rt_locale_intlibspace.o
         2          0          0          0          0          0   rtexit.o
        10          0          0          0          0          0   rtexit2.o
       128          0          0          0          0         68   strcmpv7m.o
        62          0          0          0          0         76   strlen.o
        74          0          0          0          0         80   sys_stackheap_outer.o
         2          0          0          0          0         68   use_no_semi.o
         2          0          0          0          0         68   use_no_semi_2.o
        36          4          0          0          0         76   vsprintf.o
        10          0          0          0          0        116   fpinit.o
         4          0          0          0          0        116   printf1.o
         4          0          0          0          0        116   printf2.o
         0          0          0          0          0          0   usenofp.o
        48          0          0          0          0        124   fpclassify.o

    ----------------------------------------------------------------------
      6854        270        552          0         96       4664   Library Totals
        18          0          1          0          0          0   (incl. Padding)

    ----------------------------------------------------------------------

      Code (inc. data)   RO Data    RW Data    ZI Data      Debug   Library Name

      6770        270        551          0         96       4192   c_w.l
        18          0          0          0          0        348   fz_wm.l
        48          0          0          0          0        124   m_wm.l

    ----------------------------------------------------------------------
      6854        270        552          0         96       4664   Library Totals

    ----------------------------------------------------------------------

==============================================================================


      Code (inc. data)   RO Data    RW Data    ZI Data      Debug   

     13976       1302        976         40       2632     321727   Grand Totals
     13976       1302        976         40       2632     321727   ELF Image Totals
     13976       1302        976         40          0          0   ROM Totals

==============================================================================

    Total RO  Size (Code + RO Data)                14952 (  14.60kB)
    Total RW  Size (RW Data + ZI Data)              2672 (   2.61kB)
    Total ROM Size (Code + RO Data + RW Data)      14992 (  14.64kB)

==============================================================================

